09:42:42 **** Incremental Build of configuration Release for project helo_world ****
make all 
Building target: helo_world.elf
Invoking: MicroBlaze gcc linker
mb-gcc -Wl,-T -Wl,../src/lscript.ld -L../../helo_world_bsp/microblaze_0/lib -mlittle-endian -mxl-barrel-shift -mxl-pattern-compare -mno-xl-soft-div -mcpu=v9.5 -mno-xl-soft-mul -mxl-multiply-high -mhard-float -mxl-float-convert -mxl-float-sqrt -Wl,--no-relax -o "helo_world.elf"  ./src/dispatch.o ./src/echo.o ./src/http_get_pars.o ./src/http_response.o ./src/main.o ./src/platform.o ./src/platform_fs.o ./src/platform_gpio.o ./src/prot_malloc.o ./src/pulser.o ./src/rate_calc.o ./src/rxperf.o ./src/stream_readout.o ./src/txperf.o ./src/urxperf.o ./src/utxperf.o ./src/web_utils.o ./src/webserver.o   -lxilkernel
./src/echo.o: In function `echo_accept_callback':
(.text+0x18): undefined reference to `tcp_recv'
./src/echo.o: In function `echo_accept_callback':
(.text+0x2c): undefined reference to `tcp_arg'
./src/echo.o: In function `echo_recv_callback':
(.text+0x80): undefined reference to `tcp_recved'
./src/echo.o: In function `echo_recv_callback':
(.text+0xa0): undefined reference to `pbuf_free'
./src/echo.o: In function `echo_recv_callback':
(.text+0xc8): undefined reference to `tcp_write'
./src/echo.o: In function `echo_recv_callback':
(.text+0xd8): undefined reference to `tcp_close'
./src/echo.o: In function `echo_recv_callback':
(.text+0xe8): undefined reference to `tcp_recv'
./src/echo.o: In function `start_echo_application':
(.text+0x158): undefined reference to `tcp_new'
./src/echo.o: In function `start_echo_application':
(.text+0x170): undefined reference to `ip_addr_any'
./src/echo.o: In function `start_echo_application':
(.text+0x178): undefined reference to `tcp_bind'
./src/echo.o: In function `start_echo_application':
(.text+0x190): undefined reference to `tcp_arg'
./src/echo.o: In function `start_echo_application':
(.text+0x1a0): undefined reference to `tcp_listen_with_backlog'
./src/echo.o: In function `start_echo_application':
(.text+0x1b8): undefined reference to `tcp_accept'
./src/http_get_pars.o: In function `http_get_pars':
(.text+0x33c): undefined reference to `set_frequ'
./src/http_response.o: In function `do_404':
(.text+0x9c): undefined reference to `tcp_write'
./src/http_response.o: In function `do_404':
(.text+0xd4): undefined reference to `tcp_write'
./src/http_response.o: In function `do_404':
(.text+0xf0): undefined reference to `tcp_write'
./src/http_response.o: In function `do_404':
(.text+0x120): undefined reference to `tcp_write'
./src/http_response.o: In function `do_virtual_responce':
(.text+0x21c): undefined reference to `tcp_write'
./src/http_response.o:(.text+0x25c): more undefined references to `tcp_write' follow
./src/main.o: In function `main':
(.text.startup+0xbc): undefined reference to `lwip_init'
./src/main.o: In function `main':
(.text.startup+0xe0): undefined reference to `xemac_add'
./src/main.o: In function `main':
(.text.startup+0xf0): undefined reference to `netif_set_default'
./src/main.o: In function `main':
(.text.startup+0xfc): undefined reference to `netif_set_up'
./src/main.o: In function `main':
(.text.startup+0x130): undefined reference to `xemacif_input'
./src/main.o: In function `main':
(.text.startup+0x154): undefined reference to `tcp_fasttmr'
./src/main.o: In function `main':
(.text.startup+0x180): undefined reference to `tcp_slowtmr'
./src/prot_malloc.o: In function `prot_mem_malloc':
(.text+0x1c): undefined reference to `mem_malloc'
./src/prot_malloc.o: In function `prot_mem_free':
(.text+0x5c): undefined reference to `mem_free'
./src/rate_calc.o: In function `rate_calc':
(.text+0x78): undefined reference to `coincidence_rate'
./src/rate_calc.o: In function `rate_calc':
(.text+0xa8): undefined reference to `prescaler_rate'
./src/rate_calc.o: In function `rate_calc':
(.text+0xe0): undefined reference to `coincidence_rate'
./src/rate_calc.o: In function `rate_calc':
(.text+0xfc): undefined reference to `prescaler_rate'
./src/rxperf.o: In function `rxperf_accept_callback':
(.text+0x28): undefined reference to `tcp_recv'
./src/rxperf.o: In function `rxperf_recv_callback':
(.text+0x60): undefined reference to `tcp_recved'
./src/rxperf.o: In function `rxperf_recv_callback':
(.text+0x6c): undefined reference to `pbuf_free'
./src/rxperf.o: In function `rxperf_recv_callback':
(.text+0x8c): undefined reference to `tcp_close'
./src/rxperf.o: In function `start_rxperf_application':
(.text+0xc0): undefined reference to `tcp_new'
./src/rxperf.o: In function `start_rxperf_application':
(.text+0xd8): undefined reference to `ip_addr_any'
./src/rxperf.o: In function `start_rxperf_application':
(.text+0xe0): undefined reference to `tcp_bind'
./src/rxperf.o: In function `start_rxperf_application':
(.text+0xf8): undefined reference to `tcp_arg'
./src/rxperf.o: In function `start_rxperf_application':
(.text+0x108): undefined reference to `tcp_listen_with_backlog'
./src/rxperf.o: In function `start_rxperf_application':
(.text+0x120): undefined reference to `tcp_accept'
./src/stream_readout.o: In function `stream_accept_callback':
(.text+0x1c): undefined reference to `tcp_arg'
./src/stream_readout.o: In function `stream_accept_callback':
(.text+0x30): undefined reference to `tcp_recv'
./src/stream_readout.o: In function `stream_accept_callback':
(.text+0x44): undefined reference to `tcp_sent'
./src/stream_readout.o: In function `stream_sent_callback':
(.text+0x94): undefined reference to `tcp_close'
./src/stream_readout.o: In function `stream_send_back_readout':
(.text+0x150): undefined reference to `coincidence_rate'
./src/stream_readout.o: In function `stream_send_back_readout':
(.text+0x158): undefined reference to `prescaler_rate'
./src/stream_readout.o: In function `stream_send_back_readout':
(.text+0x180): undefined reference to `tcp_write'
./src/stream_readout.o: In function `stream_recv_callback':
(.text+0x1e4): undefined reference to `tcp_recved'
./src/stream_readout.o: In function `stream_recv_callback':
(.text+0x1f8): undefined reference to `pbuf_free'
./src/stream_readout.o: In function `stream_recv_callback':
(.text+0x21c): undefined reference to `pbuf_free'
./src/stream_readout.o: In function `start_stream_application':
(.text+0x248): undefined reference to `tcp_new'
./src/stream_readout.o: In function `start_stream_application':
(.text+0x260): undefined reference to `ip_addr_any'
./src/stream_readout.o: In function `start_stream_application':
(.text+0x268): undefined reference to `tcp_bind'
./src/stream_readout.o: In function `start_stream_application':
(.text+0x280): undefined reference to `tcp_arg'
./src/stream_readout.o: In function `start_stream_application':
(.text+0x290): undefined reference to `tcp_listen_with_backlog'
./src/stream_readout.o: In function `start_stream_application':
(.text+0x2a8): undefined reference to `tcp_accept'
./src/txperf.o: In function `txperf_sent_callback':
(.text+0x24): undefined reference to `tcp_write'
./src/txperf.o: In function `txperf_sent_callback':
(.text+0x38): undefined reference to `tcp_output'
./src/txperf.o: In function `txperf_connected_callback':
(.text+0x108): undefined reference to `tcp_arg'
./src/txperf.o: In function `txperf_connected_callback':
(.text+0x11c): undefined reference to `tcp_sent'
./src/txperf.o: In function `transfer_txperf_data':
(.text+0x164): undefined reference to `tcp_write'
./src/txperf.o: In function `transfer_txperf_data':
(.text+0x178): undefined reference to `tcp_output'
./src/txperf.o: In function `transfer_txperf_data':
(.text+0x224): undefined reference to `tcp_write'
./src/txperf.o: In function `transfer_txperf_data':
(.text+0x234): undefined reference to `tcp_output'
./src/txperf.o: In function `start_txperf_application':
(.text+0x288): undefined reference to `tcp_new'
./src/txperf.o: In function `start_txperf_application':
(.text+0x2b4): undefined reference to `tcp_connect'
./src/urxperf.o: In function `urxperf_recv_callback':
(.text+0x54): undefined reference to `pbuf_free'
./src/urxperf.o: In function `start_urxperf_application':
(.text+0x88): undefined reference to `udp_new'
./src/urxperf.o: In function `start_urxperf_application':
(.text+0xa0): undefined reference to `ip_addr_any'
./src/urxperf.o: In function `start_urxperf_application':
(.text+0xa8): undefined reference to `udp_bind'
./src/urxperf.o: In function `start_urxperf_application':
(.text+0xc8): undefined reference to `udp_recv'
./src/utxperf.o: In function `transfer_utxperf_data':
(.text+0x20): undefined reference to `pbuf_alloc'
./src/utxperf.o: In function `transfer_utxperf_data':
(.text+0x84): undefined reference to `udp_send'
./src/utxperf.o: In function `transfer_utxperf_data':
(.text+0xa0): undefined reference to `pbuf_free'
./src/utxperf.o: In function `transfer_utxperf_data':
(.text+0x11c): undefined reference to `pbuf_free'
./src/utxperf.o: In function `start_utxperf_application':
(.text+0x13c): undefined reference to `udp_new'
./src/utxperf.o: In function `start_utxperf_application':
(.text+0x154): undefined reference to `ip_addr_any'
./src/utxperf.o: In function `start_utxperf_application':
(.text+0x15c): undefined reference to `udp_bind'
./src/utxperf.o: In function `start_utxperf_application':
(.text+0x180): undefined reference to `udp_connect'
./src/utxperf.o: In function `start_utxperf_application':
(.text+0x218): undefined reference to `udp_connect'
./src/webserver.o: In function `http_recv_callback':
(.text+0x2c): undefined reference to `tcp_recved'
./src/webserver.o: In function `http_recv_callback':
(.text+0x4c): undefined reference to `pbuf_free'
./src/webserver.o: In function `http_recv_callback':
(.text+0x70): undefined reference to `pbuf_free'
./src/webserver.o: In function `http_accept_callback':
(.text+0xa0): undefined reference to `tcp_arg'
./src/webserver.o: In function `http_accept_callback':
(.text+0xb4): undefined reference to `tcp_recv'
./src/webserver.o: In function `http_accept_callback':
(.text+0xc8): undefined reference to `tcp_sent'
./src/webserver.o: In function `http_sent_callback':
(.text+0x118): undefined reference to `tcp_close'
./src/webserver.o: In function `start_web_application':
(.text+0x160): undefined reference to `tcp_new'
./src/webserver.o: In function `start_web_application':
(.text+0x178): undefined reference to `ip_addr_any'
./src/webserver.o: In function `start_web_application':
(.text+0x180): undefined reference to `tcp_bind'
./src/webserver.o: In function `start_web_application':
(.text+0x198): undefined reference to `tcp_arg'
./src/webserver.o: In function `start_web_application':
(.text+0x1a8): undefined reference to `tcp_listen_with_backlog'
./src/webserver.o: In function `start_web_application':
(.text+0x1c0): undefined reference to `tcp_accept'
collect2: error: ld returned 1 exit status
make: *** [helo_world.elf] Error 1
09:44:36 **** Auto Build of configuration Release for project helo_world ****
make all 
Building file: ../src/pulser.c
Invoking: MicroBlaze gcc compiler
mb-gcc -Wall -O2 -c -fmessage-length=0 -MT"src/pulser.o" -D __XMK__ -I../../helo_world_bsp/microblaze_0/include -mlittle-endian -mxl-barrel-shift -mxl-pattern-compare -mno-xl-soft-div -mcpu=v9.5 -mno-xl-soft-mul -mxl-multiply-high -mhard-float -mxl-float-convert -mxl-float-sqrt -Wl,--no-relax -MMD -MP -MF"src/pulser.d" -MT"src/pulser.d" -o "src/pulser.o" "../src/pulser.c"
Finished building: ../src/pulser.c
 
Building target: helo_world.elf
Invoking: MicroBlaze gcc linker
mb-gcc -Wl,-T -Wl,../src/lscript.ld -L../../helo_world_bsp/microblaze_0/lib -mlittle-endian -mxl-barrel-shift -mxl-pattern-compare -mno-xl-soft-div -mcpu=v9.5 -mno-xl-soft-mul -mxl-multiply-high -mhard-float -mxl-float-convert -mxl-float-sqrt -Wl,--no-relax -o "helo_world.elf"  ./src/dispatch.o ./src/echo.o ./src/http_get_pars.o ./src/http_response.o ./src/main.o ./src/platform.o ./src/platform_fs.o ./src/platform_gpio.o ./src/prot_malloc.o ./src/pulser.o ./src/rate_calc.o ./src/rxperf.o ./src/stream_readout.o ./src/txperf.o ./src/urxperf.o ./src/utxperf.o ./src/web_utils.o ./src/webserver.o   -lxilkernel
./src/echo.o: In function `echo_accept_callback':
(.text+0x18): undefined reference to `tcp_recv'
./src/echo.o: In function `echo_accept_callback':
(.text+0x2c): undefined reference to `tcp_arg'
./src/echo.o: In function `echo_recv_callback':
(.text+0x80): undefined reference to `tcp_recved'
./src/echo.o: In function `echo_recv_callback':
(.text+0xa0): undefined reference to `pbuf_free'
./src/echo.o: In function `echo_recv_callback':
(.text+0xc8): undefined reference to `tcp_write'
./src/echo.o: In function `echo_recv_callback':
(.text+0xd8): undefined reference to `tcp_close'
./src/echo.o: In function `echo_recv_callback':
(.text+0xe8): undefined reference to `tcp_recv'
./src/echo.o: In function `start_echo_application':
(.text+0x158): undefined reference to `tcp_new'
./src/echo.o: In function `start_echo_application':
(.text+0x170): undefined reference to `ip_addr_any'
./src/echo.o: In function `start_echo_application':
(.text+0x178): undefined reference to `tcp_bind'
./src/echo.o: In function `start_echo_application':
(.text+0x190): undefined reference to `tcp_arg'
./src/echo.o: In function `start_echo_application':
(.text+0x1a0): undefined reference to `tcp_listen_with_backlog'
./src/echo.o: In function `start_echo_application':
(.text+0x1b8): undefined reference to `tcp_accept'
./src/http_response.o: In function `do_404':
(.text+0x9c): undefined reference to `tcp_write'
./src/http_response.o: In function `do_404':
(.text+0xd4): undefined reference to `tcp_write'
./src/http_response.o: In function `do_404':
(.text+0xf0): undefined reference to `tcp_write'
./src/http_response.o: In function `do_404':
(.text+0x120): undefined reference to `tcp_write'
./src/http_response.o: In function `do_virtual_responce':
(.text+0x21c): undefined reference to `tcp_write'
./src/http_response.o:(.text+0x25c): more undefined references to `tcp_write' follow
./src/main.o: In function `main':
(.text.startup+0xbc): undefined reference to `lwip_init'
./src/main.o: In function `main':
(.text.startup+0xe0): undefined reference to `xemac_add'
./src/main.o: In function `main':
(.text.startup+0xf0): undefined reference to `netif_set_default'
./src/main.o: In function `main':
(.text.startup+0xfc): undefined reference to `netif_set_up'
./src/main.o: In function `main':
(.text.startup+0x130): undefined reference to `xemacif_input'
./src/main.o: In function `main':
(.text.startup+0x154): undefined reference to `tcp_fasttmr'
./src/main.o: In function `main':
(.text.startup+0x180): undefined reference to `tcp_slowtmr'
./src/prot_malloc.o: In function `prot_mem_malloc':
(.text+0x1c): undefined reference to `mem_malloc'
./src/prot_malloc.o: In function `prot_mem_free':
(.text+0x5c): undefined reference to `mem_free'
./src/rate_calc.o: In function `rate_calc':
(.text+0x78): undefined reference to `coincidence_rate'
./src/rate_calc.o: In function `rate_calc':
(.text+0xa8): undefined reference to `prescaler_rate'
./src/rate_calc.o: In function `rate_calc':
(.text+0xe0): undefined reference to `coincidence_rate'
./src/rate_calc.o: In function `rate_calc':
(.text+0xfc): undefined reference to `prescaler_rate'
./src/rxperf.o: In function `rxperf_accept_callback':
(.text+0x28): undefined reference to `tcp_recv'
./src/rxperf.o: In function `rxperf_recv_callback':
(.text+0x60): undefined reference to `tcp_recved'
./src/rxperf.o: In function `rxperf_recv_callback':
(.text+0x6c): undefined reference to `pbuf_free'
./src/rxperf.o: In function `rxperf_recv_callback':
(.text+0x8c): undefined reference to `tcp_close'
./src/rxperf.o: In function `start_rxperf_application':
(.text+0xc0): undefined reference to `tcp_new'
./src/rxperf.o: In function `start_rxperf_application':
(.text+0xd8): undefined reference to `ip_addr_any'
./src/rxperf.o: In function `start_rxperf_application':
(.text+0xe0): undefined reference to `tcp_bind'
./src/rxperf.o: In function `start_rxperf_application':
(.text+0xf8): undefined reference to `tcp_arg'
./src/rxperf.o: In function `start_rxperf_application':
(.text+0x108): undefined reference to `tcp_listen_with_backlog'
./src/rxperf.o: In function `start_rxperf_application':
(.text+0x120): undefined reference to `tcp_accept'
./src/stream_readout.o: In function `stream_accept_callback':
(.text+0x1c): undefined reference to `tcp_arg'
./src/stream_readout.o: In function `stream_accept_callback':
(.text+0x30): undefined reference to `tcp_recv'
./src/stream_readout.o: In function `stream_accept_callback':
(.text+0x44): undefined reference to `tcp_sent'
./src/stream_readout.o: In function `stream_sent_callback':
(.text+0x94): undefined reference to `tcp_close'
./src/stream_readout.o: In function `stream_send_back_readout':
(.text+0x150): undefined reference to `coincidence_rate'
./src/stream_readout.o: In function `stream_send_back_readout':
(.text+0x158): undefined reference to `prescaler_rate'
./src/stream_readout.o: In function `stream_send_back_readout':
(.text+0x180): undefined reference to `tcp_write'
./src/stream_readout.o: In function `stream_recv_callback':
(.text+0x1e4): undefined reference to `tcp_recved'
./src/stream_readout.o: In function `stream_recv_callback':
(.text+0x1f8): undefined reference to `pbuf_free'
./src/stream_readout.o: In function `stream_recv_callback':
(.text+0x21c): undefined reference to `pbuf_free'
./src/stream_readout.o: In function `start_stream_application':
(.text+0x248): undefined reference to `tcp_new'
./src/stream_readout.o: In function `start_stream_application':
(.text+0x260): undefined reference to `ip_addr_any'
./src/stream_readout.o: In function `start_stream_application':
(.text+0x268): undefined reference to `tcp_bind'
./src/stream_readout.o: In function `start_stream_application':
(.text+0x280): undefined reference to `tcp_arg'
./src/stream_readout.o: In function `start_stream_application':
(.text+0x290): undefined reference to `tcp_listen_with_backlog'
./src/stream_readout.o: In function `start_stream_application':
(.text+0x2a8): undefined reference to `tcp_accept'
./src/txperf.o: In function `txperf_sent_callback':
(.text+0x24): undefined reference to `tcp_write'
./src/txperf.o: In function `txperf_sent_callback':
(.text+0x38): undefined reference to `tcp_output'
./src/txperf.o: In function `txperf_connected_callback':
(.text+0x108): undefined reference to `tcp_arg'
./src/txperf.o: In function `txperf_connected_callback':
(.text+0x11c): undefined reference to `tcp_sent'
./src/txperf.o: In function `transfer_txperf_data':
(.text+0x164): undefined reference to `tcp_write'
./src/txperf.o: In function `transfer_txperf_data':
(.text+0x178): undefined reference to `tcp_output'
./src/txperf.o: In function `transfer_txperf_data':
(.text+0x224): undefined reference to `tcp_write'
./src/txperf.o: In function `transfer_txperf_data':
(.text+0x234): undefined reference to `tcp_output'
./src/txperf.o: In function `start_txperf_application':
(.text+0x288): undefined reference to `tcp_new'
./src/txperf.o: In function `start_txperf_application':
(.text+0x2b4): undefined reference to `tcp_connect'
./src/urxperf.o: In function `urxperf_recv_callback':
(.text+0x54): undefined reference to `pbuf_free'
./src/urxperf.o: In function `start_urxperf_application':
(.text+0x88): undefined reference to `udp_new'
./src/urxperf.o: In function `start_urxperf_application':
(.text+0xa0): undefined reference to `ip_addr_any'
./src/urxperf.o: In function `start_urxperf_application':
(.text+0xa8): undefined reference to `udp_bind'
./src/urxperf.o: In function `start_urxperf_application':
(.text+0xc8): undefined reference to `udp_recv'
./src/utxperf.o: In function `transfer_utxperf_data':
(.text+0x20): undefined reference to `pbuf_alloc'
./src/utxperf.o: In function `transfer_utxperf_data':
(.text+0x84): undefined reference to `udp_send'
./src/utxperf.o: In function `transfer_utxperf_data':
(.text+0xa0): undefined reference to `pbuf_free'
./src/utxperf.o: In function `transfer_utxperf_data':
(.text+0x11c): undefined reference to `pbuf_free'
./src/utxperf.o: In function `start_utxperf_application':
(.text+0x13c): undefined reference to `udp_new'
./src/utxperf.o: In function `start_utxperf_application':
(.text+0x154): undefined reference to `ip_addr_any'
./src/utxperf.o: In function `start_utxperf_application':
(.text+0x15c): undefined reference to `udp_bind'
./src/utxperf.o: In function `start_utxperf_application':
(.text+0x180): undefined reference to `udp_connect'
./src/utxperf.o: In function `start_utxperf_application':
(.text+0x218): undefined reference to `udp_connect'
./src/webserver.o: In function `http_recv_callback':
(.text+0x2c): undefined reference to `tcp_recved'
./src/webserver.o: In function `http_recv_callback':
(.text+0x4c): undefined reference to `pbuf_free'
./src/webserver.o: In function `http_recv_callback':
(.text+0x70): undefined reference to `pbuf_free'
./src/webserver.o: In function `http_accept_callback':
(.text+0xa0): undefined reference to `tcp_arg'
./src/webserver.o: In function `http_accept_callback':
(.text+0xb4): undefined reference to `tcp_recv'
./src/webserver.o: In function `http_accept_callback':
(.text+0xc8): undefined reference to `tcp_sent'
./src/webserver.o: In function `http_sent_callback':
(.text+0x118): undefined reference to `tcp_close'
./src/webserver.o: In function `start_web_application':
(.text+0x160): undefined reference to `tcp_new'
./src/webserver.o: In function `start_web_application':
(.text+0x178): undefined reference to `ip_addr_any'
./src/webserver.o: In function `start_web_application':
(.text+0x180): undefined reference to `tcp_bind'
./src/webserver.o: In function `start_web_application':
(.text+0x198): undefined reference to `tcp_arg'
./src/webserver.o: In function `start_web_application':
(.text+0x1a8): undefined reference to `tcp_listen_with_backlog'
./src/webserver.o: In function `start_web_application':
(.text+0x1c0): undefined reference to `tcp_accept'
collect2: error: ld returned 1 exit status
make: *** [helo_world.elf] Error 1
09:44:42 **** Auto Build of configuration Release for project helo_world ****
make all 
Building file: ../src/http_get_pars.c
Invoking: MicroBlaze gcc compiler
mb-gcc -Wall -O2 -c -fmessage-length=0 -MT"src/http_get_pars.o" -D __XMK__ -I../../helo_world_bsp/microblaze_0/include -mlittle-endian -mxl-barrel-shift -mxl-pattern-compare -mno-xl-soft-div -mcpu=v9.5 -mno-xl-soft-mul -mxl-multiply-high -mhard-float -mxl-float-convert -mxl-float-sqrt -Wl,--no-relax -MMD -MP -MF"src/http_get_pars.d" -MT"src/http_get_pars.d" -o "src/http_get_pars.o" "../src/http_get_pars.c"
Finished building: ../src/http_get_pars.c
 
Building target: helo_world.elf
Invoking: MicroBlaze gcc linker
mb-gcc -Wl,-T -Wl,../src/lscript.ld -L../../helo_world_bsp/microblaze_0/lib -mlittle-endian -mxl-barrel-shift -mxl-pattern-compare -mno-xl-soft-div -mcpu=v9.5 -mno-xl-soft-mul -mxl-multiply-high -mhard-float -mxl-float-convert -mxl-float-sqrt -Wl,--no-relax -o "helo_world.elf"  ./src/dispatch.o ./src/echo.o ./src/http_get_pars.o ./src/http_response.o ./src/main.o ./src/platform.o ./src/platform_fs.o ./src/platform_gpio.o ./src/prot_malloc.o ./src/pulser.o ./src/rate_calc.o ./src/rxperf.o ./src/stream_readout.o ./src/txperf.o ./src/urxperf.o ./src/utxperf.o ./src/web_utils.o ./src/webserver.o   -lxilkernel
./src/echo.o: In function `echo_accept_callback':
(.text+0x18): undefined reference to `tcp_recv'
./src/echo.o: In function `echo_accept_callback':
(.text+0x2c): undefined reference to `tcp_arg'
./src/echo.o: In function `echo_recv_callback':
(.text+0x80): undefined reference to `tcp_recved'
./src/echo.o: In function `echo_recv_callback':
(.text+0xa0): undefined reference to `pbuf_free'
./src/echo.o: In function `echo_recv_callback':
(.text+0xc8): undefined reference to `tcp_write'
./src/echo.o: In function `echo_recv_callback':
(.text+0xd8): undefined reference to `tcp_close'
./src/echo.o: In function `echo_recv_callback':
(.text+0xe8): undefined reference to `tcp_recv'
./src/echo.o: In function `start_echo_application':
(.text+0x158): undefined reference to `tcp_new'
./src/echo.o: In function `start_echo_application':
(.text+0x170): undefined reference to `ip_addr_any'
./src/echo.o: In function `start_echo_application':
(.text+0x178): undefined reference to `tcp_bind'
./src/echo.o: In function `start_echo_application':
(.text+0x190): undefined reference to `tcp_arg'
./src/echo.o: In function `start_echo_application':
(.text+0x1a0): undefined reference to `tcp_listen_with_backlog'
./src/echo.o: In function `start_echo_application':
(.text+0x1b8): undefined reference to `tcp_accept'
./src/http_response.o: In function `do_404':
(.text+0x9c): undefined reference to `tcp_write'
./src/http_response.o: In function `do_404':
(.text+0xd4): undefined reference to `tcp_write'
./src/http_response.o: In function `do_404':
(.text+0xf0): undefined reference to `tcp_write'
./src/http_response.o: In function `do_404':
(.text+0x120): undefined reference to `tcp_write'
./src/http_response.o: In function `do_virtual_responce':
(.text+0x21c): undefined reference to `tcp_write'
./src/http_response.o:(.text+0x25c): more undefined references to `tcp_write' follow
./src/main.o: In function `main':
(.text.startup+0xbc): undefined reference to `lwip_init'
./src/main.o: In function `main':
(.text.startup+0xe0): undefined reference to `xemac_add'
./src/main.o: In function `main':
(.text.startup+0xf0): undefined reference to `netif_set_default'
./src/main.o: In function `main':
(.text.startup+0xfc): undefined reference to `netif_set_up'
./src/main.o: In function `main':
(.text.startup+0x130): undefined reference to `xemacif_input'
./src/main.o: In function `main':
(.text.startup+0x154): undefined reference to `tcp_fasttmr'
./src/main.o: In function `main':
(.text.startup+0x180): undefined reference to `tcp_slowtmr'
./src/prot_malloc.o: In function `prot_mem_malloc':
(.text+0x1c): undefined reference to `mem_malloc'
./src/prot_malloc.o: In function `prot_mem_free':
(.text+0x5c): undefined reference to `mem_free'
./src/rate_calc.o: In function `rate_calc':
(.text+0x78): undefined reference to `coincidence_rate'
./src/rate_calc.o: In function `rate_calc':
(.text+0xa8): undefined reference to `prescaler_rate'
./src/rate_calc.o: In function `rate_calc':
(.text+0xe0): undefined reference to `coincidence_rate'
./src/rate_calc.o: In function `rate_calc':
(.text+0xfc): undefined reference to `prescaler_rate'
./src/rxperf.o: In function `rxperf_accept_callback':
(.text+0x28): undefined reference to `tcp_recv'
./src/rxperf.o: In function `rxperf_recv_callback':
(.text+0x60): undefined reference to `tcp_recved'
./src/rxperf.o: In function `rxperf_recv_callback':
(.text+0x6c): undefined reference to `pbuf_free'
./src/rxperf.o: In function `rxperf_recv_callback':
(.text+0x8c): undefined reference to `tcp_close'
./src/rxperf.o: In function `start_rxperf_application':
(.text+0xc0): undefined reference to `tcp_new'
./src/rxperf.o: In function `start_rxperf_application':
(.text+0xd8): undefined reference to `ip_addr_any'
./src/rxperf.o: In function `start_rxperf_application':
(.text+0xe0): undefined reference to `tcp_bind'
./src/rxperf.o: In function `start_rxperf_application':
(.text+0xf8): undefined reference to `tcp_arg'
./src/rxperf.o: In function `start_rxperf_application':
(.text+0x108): undefined reference to `tcp_listen_with_backlog'
./src/rxperf.o: In function `start_rxperf_application':
(.text+0x120): undefined reference to `tcp_accept'
./src/stream_readout.o: In function `stream_accept_callback':
(.text+0x1c): undefined reference to `tcp_arg'
./src/stream_readout.o: In function `stream_accept_callback':
(.text+0x30): undefined reference to `tcp_recv'
./src/stream_readout.o: In function `stream_accept_callback':
(.text+0x44): undefined reference to `tcp_sent'
./src/stream_readout.o: In function `stream_sent_callback':
(.text+0x94): undefined reference to `tcp_close'
./src/stream_readout.o: In function `stream_send_back_readout':
(.text+0x150): undefined reference to `coincidence_rate'
./src/stream_readout.o: In function `stream_send_back_readout':
(.text+0x158): undefined reference to `prescaler_rate'
./src/stream_readout.o: In function `stream_send_back_readout':
(.text+0x180): undefined reference to `tcp_write'
./src/stream_readout.o: In function `stream_recv_callback':
(.text+0x1e4): undefined reference to `tcp_recved'
./src/stream_readout.o: In function `stream_recv_callback':
(.text+0x1f8): undefined reference to `pbuf_free'
./src/stream_readout.o: In function `stream_recv_callback':
(.text+0x21c): undefined reference to `pbuf_free'
./src/stream_readout.o: In function `start_stream_application':
(.text+0x248): undefined reference to `tcp_new'
./src/stream_readout.o: In function `start_stream_application':
(.text+0x260): undefined reference to `ip_addr_any'
./src/stream_readout.o: In function `start_stream_application':
(.text+0x268): undefined reference to `tcp_bind'
./src/stream_readout.o: In function `start_stream_application':
(.text+0x280): undefined reference to `tcp_arg'
./src/stream_readout.o: In function `start_stream_application':
(.text+0x290): undefined reference to `tcp_listen_with_backlog'
./src/stream_readout.o: In function `start_stream_application':
(.text+0x2a8): undefined reference to `tcp_accept'
./src/txperf.o: In function `txperf_sent_callback':
(.text+0x24): undefined reference to `tcp_write'
./src/txperf.o: In function `txperf_sent_callback':
(.text+0x38): undefined reference to `tcp_output'
./src/txperf.o: In function `txperf_connected_callback':
(.text+0x108): undefined reference to `tcp_arg'
./src/txperf.o: In function `txperf_connected_callback':
(.text+0x11c): undefined reference to `tcp_sent'
./src/txperf.o: In function `transfer_txperf_data':
(.text+0x164): undefined reference to `tcp_write'
./src/txperf.o: In function `transfer_txperf_data':
(.text+0x178): undefined reference to `tcp_output'
./src/txperf.o: In function `transfer_txperf_data':
(.text+0x224): undefined reference to `tcp_write'
./src/txperf.o: In function `transfer_txperf_data':
(.text+0x234): undefined reference to `tcp_output'
./src/txperf.o: In function `start_txperf_application':
(.text+0x288): undefined reference to `tcp_new'
./src/txperf.o: In function `start_txperf_application':
(.text+0x2b4): undefined reference to `tcp_connect'
./src/urxperf.o: In function `urxperf_recv_callback':
(.text+0x54): undefined reference to `pbuf_free'
./src/urxperf.o: In function `start_urxperf_application':
(.text+0x88): undefined reference to `udp_new'
./src/urxperf.o: In function `start_urxperf_application':
(.text+0xa0): undefined reference to `ip_addr_any'
./src/urxperf.o: In function `start_urxperf_application':
(.text+0xa8): undefined reference to `udp_bind'
./src/urxperf.o: In function `start_urxperf_application':
(.text+0xc8): undefined reference to `udp_recv'
./src/utxperf.o: In function `transfer_utxperf_data':
(.text+0x20): undefined reference to `pbuf_alloc'
./src/utxperf.o: In function `transfer_utxperf_data':
(.text+0x84): undefined reference to `udp_send'
./src/utxperf.o: In function `transfer_utxperf_data':
(.text+0xa0): undefined reference to `pbuf_free'
./src/utxperf.o: In function `transfer_utxperf_data':
(.text+0x11c): undefined reference to `pbuf_free'
./src/utxperf.o: In function `start_utxperf_application':
(.text+0x13c): undefined reference to `udp_new'
./src/utxperf.o: In function `start_utxperf_application':
(.text+0x154): undefined reference to `ip_addr_any'
./src/utxperf.o: In function `start_utxperf_application':
(.text+0x15c): undefined reference to `udp_bind'
./src/utxperf.o: In function `start_utxperf_application':
(.text+0x180): undefined reference to `udp_connect'
./src/utxperf.o: In function `start_utxperf_application':
(.text+0x218): undefined reference to `udp_connect'
./src/webserver.o: In function `http_recv_callback':
(.text+0x2c): undefined reference to `tcp_recved'
./src/webserver.o: In function `http_recv_callback':
(.text+0x4c): undefined reference to `pbuf_free'
./src/webserver.o: In function `http_recv_callback':
(.text+0x70): undefined reference to `pbuf_free'
./src/webserver.o: In function `http_accept_callback':
(.text+0xa0): undefined reference to `tcp_arg'
./src/webserver.o: In function `http_accept_callback':
(.text+0xb4): undefined reference to `tcp_recv'
./src/webserver.o: In function `http_accept_callback':
(.text+0xc8): undefined reference to `tcp_sent'
./src/webserver.o: In function `http_sent_callback':
(.text+0x118): undefined reference to `tcp_close'
./src/webserver.o: In function `start_web_application':
(.text+0x160): undefined reference to `tcp_new'
./src/webserver.o: In function `start_web_application':
(.text+0x178): undefined reference to `ip_addr_any'
./src/webserver.o: In function `start_web_application':
(.text+0x180): undefined reference to `tcp_bind'
./src/webserver.o: In function `start_web_application':
(.text+0x198): undefined reference to `tcp_arg'
./src/webserver.o: In function `start_web_application':
(.text+0x1a8): undefined reference to `tcp_listen_with_backlog'
./src/webserver.o: In function `start_web_application':
(.text+0x1c0): undefined reference to `tcp_accept'
collect2: error: ld returned 1 exit status
make: *** [helo_world.elf] Error 1
09:45:04 **** Incremental Build of configuration Release for project helo_world ****
make all 
Building target: helo_world.elf
Invoking: MicroBlaze gcc linker
mb-gcc -Wl,-T -Wl,../src/lscript.ld -L../../helo_world_bsp/microblaze_0/lib -mlittle-endian -mxl-barrel-shift -mxl-pattern-compare -mno-xl-soft-div -mcpu=v9.5 -mno-xl-soft-mul -mxl-multiply-high -mhard-float -mxl-float-convert -mxl-float-sqrt -Wl,--no-relax -o "helo_world.elf"  ./src/dispatch.o ./src/echo.o ./src/http_get_pars.o ./src/http_response.o ./src/main.o ./src/platform.o ./src/platform_fs.o ./src/platform_gpio.o ./src/prot_malloc.o ./src/pulser.o ./src/rate_calc.o ./src/rxperf.o ./src/stream_readout.o ./src/txperf.o ./src/urxperf.o ./src/utxperf.o ./src/web_utils.o ./src/webserver.o   -lxilkernel
./src/echo.o: In function `echo_accept_callback':
(.text+0x18): undefined reference to `tcp_recv'
./src/echo.o: In function `echo_accept_callback':
(.text+0x2c): undefined reference to `tcp_arg'
./src/echo.o: In function `echo_recv_callback':
(.text+0x80): undefined reference to `tcp_recved'
./src/echo.o: In function `echo_recv_callback':
(.text+0xa0): undefined reference to `pbuf_free'
./src/echo.o: In function `echo_recv_callback':
(.text+0xc8): undefined reference to `tcp_write'
./src/echo.o: In function `echo_recv_callback':
(.text+0xd8): undefined reference to `tcp_close'
./src/echo.o: In function `echo_recv_callback':
(.text+0xe8): undefined reference to `tcp_recv'
./src/echo.o: In function `start_echo_application':
(.text+0x158): undefined reference to `tcp_new'
./src/echo.o: In function `start_echo_application':
(.text+0x170): undefined reference to `ip_addr_any'
./src/echo.o: In function `start_echo_application':
(.text+0x178): undefined reference to `tcp_bind'
./src/echo.o: In function `start_echo_application':
(.text+0x190): undefined reference to `tcp_arg'
./src/echo.o: In function `start_echo_application':
(.text+0x1a0): undefined reference to `tcp_listen_with_backlog'
./src/echo.o: In function `start_echo_application':
(.text+0x1b8): undefined reference to `tcp_accept'
./src/http_response.o: In function `do_404':
(.text+0x9c): undefined reference to `tcp_write'
./src/http_response.o: In function `do_404':
(.text+0xd4): undefined reference to `tcp_write'
./src/http_response.o: In function `do_404':
(.text+0xf0): undefined reference to `tcp_write'
./src/http_response.o: In function `do_404':
(.text+0x120): undefined reference to `tcp_write'
./src/http_response.o: In function `do_virtual_responce':
(.text+0x21c): undefined reference to `tcp_write'
./src/http_response.o:(.text+0x25c): more undefined references to `tcp_write' follow
./src/main.o: In function `main':
(.text.startup+0xbc): undefined reference to `lwip_init'
./src/main.o: In function `main':
(.text.startup+0xe0): undefined reference to `xemac_add'
./src/main.o: In function `main':
(.text.startup+0xf0): undefined reference to `netif_set_default'
./src/main.o: In function `main':
(.text.startup+0xfc): undefined reference to `netif_set_up'
./src/main.o: In function `main':
(.text.startup+0x130): undefined reference to `xemacif_input'
./src/main.o: In function `main':
(.text.startup+0x154): undefined reference to `tcp_fasttmr'
./src/main.o: In function `main':
(.text.startup+0x180): undefined reference to `tcp_slowtmr'
./src/prot_malloc.o: In function `prot_mem_malloc':
(.text+0x1c): undefined reference to `mem_malloc'
./src/prot_malloc.o: In function `prot_mem_free':
(.text+0x5c): undefined reference to `mem_free'
./src/rate_calc.o: In function `rate_calc':
(.text+0x78): undefined reference to `coincidence_rate'
./src/rate_calc.o: In function `rate_calc':
(.text+0xa8): undefined reference to `prescaler_rate'
./src/rate_calc.o: In function `rate_calc':
(.text+0xe0): undefined reference to `coincidence_rate'
./src/rate_calc.o: In function `rate_calc':
(.text+0xfc): undefined reference to `prescaler_rate'
./src/rxperf.o: In function `rxperf_accept_callback':
(.text+0x28): undefined reference to `tcp_recv'
./src/rxperf.o: In function `rxperf_recv_callback':
(.text+0x60): undefined reference to `tcp_recved'
./src/rxperf.o: In function `rxperf_recv_callback':
(.text+0x6c): undefined reference to `pbuf_free'
./src/rxperf.o: In function `rxperf_recv_callback':
(.text+0x8c): undefined reference to `tcp_close'
./src/rxperf.o: In function `start_rxperf_application':
(.text+0xc0): undefined reference to `tcp_new'
./src/rxperf.o: In function `start_rxperf_application':
(.text+0xd8): undefined reference to `ip_addr_any'
./src/rxperf.o: In function `start_rxperf_application':
(.text+0xe0): undefined reference to `tcp_bind'
./src/rxperf.o: In function `start_rxperf_application':
(.text+0xf8): undefined reference to `tcp_arg'
./src/rxperf.o: In function `start_rxperf_application':
(.text+0x108): undefined reference to `tcp_listen_with_backlog'
./src/rxperf.o: In function `start_rxperf_application':
(.text+0x120): undefined reference to `tcp_accept'
./src/stream_readout.o: In function `stream_accept_callback':
(.text+0x1c): undefined reference to `tcp_arg'
./src/stream_readout.o: In function `stream_accept_callback':
(.text+0x30): undefined reference to `tcp_recv'
./src/stream_readout.o: In function `stream_accept_callback':
(.text+0x44): undefined reference to `tcp_sent'
./src/stream_readout.o: In function `stream_sent_callback':
(.text+0x94): undefined reference to `tcp_close'
./src/stream_readout.o: In function `stream_send_back_readout':
(.text+0x150): undefined reference to `coincidence_rate'
./src/stream_readout.o: In function `stream_send_back_readout':
(.text+0x158): undefined reference to `prescaler_rate'
./src/stream_readout.o: In function `stream_send_back_readout':
(.text+0x180): undefined reference to `tcp_write'
./src/stream_readout.o: In function `stream_recv_callback':
(.text+0x1e4): undefined reference to `tcp_recved'
./src/stream_readout.o: In function `stream_recv_callback':
(.text+0x1f8): undefined reference to `pbuf_free'
./src/stream_readout.o: In function `stream_recv_callback':
(.text+0x21c): undefined reference to `pbuf_free'
./src/stream_readout.o: In function `start_stream_application':
(.text+0x248): undefined reference to `tcp_new'
./src/stream_readout.o: In function `start_stream_application':
(.text+0x260): undefined reference to `ip_addr_any'
./src/stream_readout.o: In function `start_stream_application':
(.text+0x268): undefined reference to `tcp_bind'
./src/stream_readout.o: In function `start_stream_application':
(.text+0x280): undefined reference to `tcp_arg'
./src/stream_readout.o: In function `start_stream_application':
(.text+0x290): undefined reference to `tcp_listen_with_backlog'
./src/stream_readout.o: In function `start_stream_application':
(.text+0x2a8): undefined reference to `tcp_accept'
./src/txperf.o: In function `txperf_sent_callback':
(.text+0x24): undefined reference to `tcp_write'
./src/txperf.o: In function `txperf_sent_callback':
(.text+0x38): undefined reference to `tcp_output'
./src/txperf.o: In function `txperf_connected_callback':
(.text+0x108): undefined reference to `tcp_arg'
./src/txperf.o: In function `txperf_connected_callback':
(.text+0x11c): undefined reference to `tcp_sent'
./src/txperf.o: In function `transfer_txperf_data':
(.text+0x164): undefined reference to `tcp_write'
./src/txperf.o: In function `transfer_txperf_data':
(.text+0x178): undefined reference to `tcp_output'
./src/txperf.o: In function `transfer_txperf_data':
(.text+0x224): undefined reference to `tcp_write'
./src/txperf.o: In function `transfer_txperf_data':
(.text+0x234): undefined reference to `tcp_output'
./src/txperf.o: In function `start_txperf_application':
(.text+0x288): undefined reference to `tcp_new'
./src/txperf.o: In function `start_txperf_application':
(.text+0x2b4): undefined reference to `tcp_connect'
./src/urxperf.o: In function `urxperf_recv_callback':
(.text+0x54): undefined reference to `pbuf_free'
./src/urxperf.o: In function `start_urxperf_application':
(.text+0x88): undefined reference to `udp_new'
./src/urxperf.o: In function `start_urxperf_application':
(.text+0xa0): undefined reference to `ip_addr_any'
./src/urxperf.o: In function `start_urxperf_application':
(.text+0xa8): undefined reference to `udp_bind'
./src/urxperf.o: In function `start_urxperf_application':
(.text+0xc8): undefined reference to `udp_recv'
./src/utxperf.o: In function `transfer_utxperf_data':
(.text+0x20): undefined reference to `pbuf_alloc'
./src/utxperf.o: In function `transfer_utxperf_data':
(.text+0x84): undefined reference to `udp_send'
./src/utxperf.o: In function `transfer_utxperf_data':
(.text+0xa0): undefined reference to `pbuf_free'
./src/utxperf.o: In function `transfer_utxperf_data':
(.text+0x11c): undefined reference to `pbuf_free'
./src/utxperf.o: In function `start_utxperf_application':
(.text+0x13c): undefined reference to `udp_new'
./src/utxperf.o: In function `start_utxperf_application':
(.text+0x154): undefined reference to `ip_addr_any'
./src/utxperf.o: In function `start_utxperf_application':
(.text+0x15c): undefined reference to `udp_bind'
./src/utxperf.o: In function `start_utxperf_application':
(.text+0x180): undefined reference to `udp_connect'
./src/utxperf.o: In function `start_utxperf_application':
(.text+0x218): undefined reference to `udp_connect'
./src/webserver.o: In function `http_recv_callback':
(.text+0x2c): undefined reference to `tcp_recved'
./src/webserver.o: In function `http_recv_callback':
(.text+0x4c): undefined reference to `pbuf_free'
./src/webserver.o: In function `http_recv_callback':
(.text+0x70): undefined reference to `pbuf_free'
./src/webserver.o: In function `http_accept_callback':
(.text+0xa0): undefined reference to `tcp_arg'
./src/webserver.o: In function `http_accept_callback':
(.text+0xb4): undefined reference to `tcp_recv'
./src/webserver.o: In function `http_accept_callback':
(.text+0xc8): undefined reference to `tcp_sent'
./src/webserver.o: In function `http_sent_callback':
(.text+0x118): undefined reference to `tcp_close'
./src/webserver.o: In function `start_web_application':
(.text+0x160): undefined reference to `tcp_new'
./src/webserver.o: In function `start_web_application':
(.text+0x178): undefined reference to `ip_addr_any'
./src/webserver.o: In function `start_web_application':
(.text+0x180): undefined reference to `tcp_bind'
./src/webserver.o: In function `start_web_application':
(.text+0x198): undefined reference to `tcp_arg'
./src/webserver.o: In function `start_web_application':
(.text+0x1a8): undefined reference to `tcp_listen_with_backlog'
./src/webserver.o: In function `start_web_application':
(.text+0x1c0): undefined reference to `tcp_accept'
collect2: error: ld returned 1 exit status
make: *** [helo_world.elf] Error 1
09:45:04 **** Incremental Build of configuration Debug for project system_test ****
make all 
make: Nothing to be done for `all'.
09:45:17 **** Clean-only build of configuration Release for project helo_world ****
make clean 
rm -rf  ./src/dispatch.o ./src/echo.o ./src/http_get_pars.o ./src/http_response.o ./src/main.o ./src/platform.o ./src/platform_fs.o ./src/platform_gpio.o ./src/prot_malloc.o ./src/pulser.o ./src/rate_calc.o ./src/rxperf.o ./src/stream_readout.o ./src/txperf.o ./src/urxperf.o ./src/utxperf.o ./src/web_utils.o ./src/webserver.o  ./src/dispatch.d ./src/echo.d ./src/http_get_pars.d ./src/http_response.d ./src/main.d ./src/platform.d ./src/platform_fs.d ./src/platform_gpio.d ./src/prot_malloc.d ./src/pulser.d ./src/rate_calc.d ./src/rxperf.d ./src/stream_readout.d ./src/txperf.d ./src/urxperf.d ./src/utxperf.d ./src/web_utils.d ./src/webserver.d  helo_world.elf.size  helo_world.elf
 
09:45:17 **** Clean-only build of configuration Debug for project system_test ****
make clean 
rm -rf  ./src/testperiph.o ./src/xaxidma_example_selftest.o ./src/xaxiethernet_example_intr_sgdma.o ./src/xaxiethernet_example_util.o ./src/xintc_tapp_example.o ./src/xtmrctr_intr_example.o ./src/xtmrctr_selftest_example.o  ./src/testperiph.d ./src/xaxidma_example_selftest.d ./src/xaxiethernet_example_intr_sgdma.d ./src/xaxiethernet_example_util.d ./src/xintc_tapp_example.d ./src/xtmrctr_intr_example.d ./src/xtmrctr_selftest_example.d  system_test.elf.size  system_test.elf
 
09:45:17 **** Clean-only build of project helo_world_bsp ****
09:45:17 **** Clean-only build of project system_test_bsp ****
09:45:17 **** Clean-only build of project socket_apps_bsp ****
make -k clean 
make -k clean 
make -k clean 
rm -f microblaze_0/lib/libxil.a
rm -f microblaze_0/lib/libxil.a
rm -f microblaze_0/lib/libxil.a
09:45:17 **** Build of project helo_world_bsp ****
make -k all 
Running Make include in microblaze_0/libsrc/axidma_v8_1/src
make -C microblaze_0/libsrc/axidma_v8_1/src -s include  "SHELL=/bin/sh" "COMPILER=mb-gcc" "ARCHIVER=mb-ar" "COMPILER_FLAGS= -O2 -c -mcpu=v9.5 -mhard-float -mlittle-endian -mno-xl-soft-div -mno-xl-soft-mul -mxl-barrel-shift -mxl-float-convert -mxl-float-sqrt -mxl-multiply-high -mxl-pattern-compare" "EXTRA_COMPILER_FLAGS=-g"
Running Make include in microblaze_0/libsrc/axiethernet_v4_4/src
make -C microblaze_0/libsrc/axiethernet_v4_4/src -s include  "SHELL=/bin/sh" "COMPILER=mb-gcc" "ARCHIVER=mb-ar" "COMPILER_FLAGS= -O2 -c -mcpu=v9.5 -mhard-float -mlittle-endian -mno-xl-soft-div -mno-xl-soft-mul -mxl-barrel-shift -mxl-float-convert -mxl-float-sqrt -mxl-multiply-high -mxl-pattern-compare" "EXTRA_COMPILER_FLAGS=-g"
Running Make include in microblaze_0/libsrc/bram_v4_0/src
make -C microblaze_0/libsrc/bram_v4_0/src -s include  "SHELL=/bin/sh" "COMPILER=mb-gcc" "ARCHIVER=mb-ar" "COMPILER_FLAGS= -O2 -c -mcpu=v9.5 -mhard-float -mlittle-endian -mno-xl-soft-div -mno-xl-soft-mul -mxl-barrel-shift -mxl-float-convert -mxl-float-sqrt -mxl-multiply-high -mxl-pattern-compare" "EXTRA_COMPILER_FLAGS=-g"
Running Make include in microblaze_0/libsrc/cpu_v2_3/src
make -C microblaze_0/libsrc/cpu_v2_3/src -s include  "SHELL=/bin/sh" "COMPILER=mb-gcc" "ARCHIVER=mb-ar" "COMPILER_FLAGS= -O2 -c -mcpu=v9.5 -mhard-float -mlittle-endian -mno-xl-soft-div -mno-xl-soft-mul -mxl-barrel-shift -mxl-float-convert -mxl-float-sqrt -mxl-multiply-high -mxl-pattern-compare" "EXTRA_COMPILER_FLAGS=-g"
Running Make include in microblaze_0/libsrc/intc_v3_3/src
make -C microblaze_0/libsrc/intc_v3_3/src -s include  "SHELL=/bin/sh" "COMPILER=mb-gcc" "ARCHIVER=mb-ar" "COMPILER_FLAGS= -O2 -c -mcpu=v9.5 -mhard-float -mlittle-endian -mno-xl-soft-div -mno-xl-soft-mul -mxl-barrel-shift -mxl-float-convert -mxl-float-sqrt -mxl-multiply-high -mxl-pattern-compare" "EXTRA_COMPILER_FLAGS=-g"
Running Make include in microblaze_0/libsrc/lwip141_v2_2/src
make -C microblaze_0/libsrc/lwip141_v2_2/src -s include  "SHELL=/bin/sh" "COMPILER=mb-gcc" "ARCHIVER=mb-ar" "COMPILER_FLAGS= -O2 -c -mcpu=v9.5 -mhard-float -mlittle-endian -mno-xl-soft-div -mno-xl-soft-mul -mxl-barrel-shift -mxl-float-convert -mxl-float-sqrt -mxl-multiply-high -mxl-pattern-compare" "EXTRA_COMPILER_FLAGS=-g"
Running Make include in microblaze_0/libsrc/tmrctr_v3_0/src
make -C microblaze_0/libsrc/tmrctr_v3_0/src -s include  "SHELL=/bin/sh" "COMPILER=mb-gcc" "ARCHIVER=mb-ar" "COMPILER_FLAGS= -O2 -c -mcpu=v9.5 -mhard-float -mlittle-endian -mno-xl-soft-div -mno-xl-soft-mul -mxl-barrel-shift -mxl-float-convert -mxl-float-sqrt -mxl-multiply-high -mxl-pattern-compare" "EXTRA_COMPILER_FLAGS=-g"
Running Make include in microblaze_0/libsrc/uartlite_v3_0/src
make -C microblaze_0/libsrc/uartlite_v3_0/src -s include  "SHELL=/bin/sh" "COMPILER=mb-gcc" "ARCHIVER=mb-ar" "COMPILER_FLAGS= -O2 -c -mcpu=v9.5 -mhard-float -mlittle-endian -mno-xl-soft-div -mno-xl-soft-mul -mxl-barrel-shift -mxl-float-convert -mxl-float-sqrt -mxl-multiply-high -mxl-pattern-compare" "EXTRA_COMPILER_FLAGS=-g"
Running Make include in microblaze_0/libsrc/xilkernel_v6_2/src
make -C microblaze_0/libsrc/xilkernel_v6_2/src -s include  "SHELL=/bin/sh" "COMPILER=mb-gcc" "ARCHIVER=mb-ar" "COMPILER_FLAGS= -O2 -c -mcpu=v9.5 -mhard-float -mlittle-endian -mno-xl-soft-div -mno-xl-soft-mul -mxl-barrel-shift -mxl-float-convert -mxl-float-sqrt -mxl-multiply-high -mxl-pattern-compare" "EXTRA_COMPILER_FLAGS=-g"
Running Make include in microblaze_0/libsrc/xilmfs_v2_0/src
make -C microblaze_0/libsrc/xilmfs_v2_0/src -s include  "SHELL=/bin/sh" "COMPILER=mb-gcc" "ARCHIVER=mb-ar" "COMPILER_FLAGS= -O2 -c -mcpu=v9.5 -mhard-float -mlittle-endian -mno-xl-soft-div -mno-xl-soft-mul -mxl-barrel-shift -mxl-float-convert -mxl-float-sqrt -mxl-multiply-high -mxl-pattern-compare" "EXTRA_COMPILER_FLAGS=-g"
Running Make libs in microblaze_0/libsrc/axidma_v8_1/src
make -C microblaze_0/libsrc/axidma_v8_1/src -s libs  "SHELL=/bin/sh" "COMPILER=mb-gcc" "ARCHIVER=mb-ar" "COMPILER_FLAGS= -O2 -c -mcpu=v9.5 -mhard-float -mlittle-endian -mno-xl-soft-div -mno-xl-soft-mul -mxl-barrel-shift -mxl-float-convert -mxl-float-sqrt -mxl-multiply-high -mxl-pattern-compare" "EXTRA_COMPILER_FLAGS=-g"
Compiling axidma
mb-ar: creating ../../../lib/libxil.a
Running Make libs in microblaze_0/libsrc/axiethernet_v4_4/src
make -C microblaze_0/libsrc/axiethernet_v4_4/src -s libs  "SHELL=/bin/sh" "COMPILER=mb-gcc" "ARCHIVER=mb-ar" "COMPILER_FLAGS= -O2 -c -mcpu=v9.5 -mhard-float -mlittle-endian -mno-xl-soft-div -mno-xl-soft-mul -mxl-barrel-shift -mxl-float-convert -mxl-float-sqrt -mxl-multiply-high -mxl-pattern-compare" "EXTRA_COMPILER_FLAGS=-g"
Compiling axiethernet
Running Make libs in microblaze_0/libsrc/bram_v4_0/src
make -C microblaze_0/libsrc/bram_v4_0/src -s libs  "SHELL=/bin/sh" "COMPILER=mb-gcc" "ARCHIVER=mb-ar" "COMPILER_FLAGS= -O2 -c -mcpu=v9.5 -mhard-float -mlittle-endian -mno-xl-soft-div -mno-xl-soft-mul -mxl-barrel-shift -mxl-float-convert -mxl-float-sqrt -mxl-multiply-high -mxl-pattern-compare" "EXTRA_COMPILER_FLAGS=-g"
Compiling bram
Running Make libs in microblaze_0/libsrc/cpu_v2_3/src
make -C microblaze_0/libsrc/cpu_v2_3/src -s libs  "SHELL=/bin/sh" "COMPILER=mb-gcc" "ARCHIVER=mb-ar" "COMPILER_FLAGS= -O2 -c -mcpu=v9.5 -mhard-float -mlittle-endian -mno-xl-soft-div -mno-xl-soft-mul -mxl-barrel-shift -mxl-float-convert -mxl-float-sqrt -mxl-multiply-high -mxl-pattern-compare" "EXTRA_COMPILER_FLAGS=-g"
Compiling cpu
Running Make libs in microblaze_0/libsrc/intc_v3_3/src
make -C microblaze_0/libsrc/intc_v3_3/src -s libs  "SHELL=/bin/sh" "COMPILER=mb-gcc" "ARCHIVER=mb-ar" "COMPILER_FLAGS= -O2 -c -mcpu=v9.5 -mhard-float -mlittle-endian -mno-xl-soft-div -mno-xl-soft-mul -mxl-barrel-shift -mxl-float-convert -mxl-float-sqrt -mxl-multiply-high -mxl-pattern-compare" "EXTRA_COMPILER_FLAGS=-g"
Compiling intc
Running Make libs in microblaze_0/libsrc/lwip141_v2_2/src
make -C microblaze_0/libsrc/lwip141_v2_2/src -s libs  "SHELL=/bin/sh" "COMPILER=mb-gcc" "ARCHIVER=mb-ar" "COMPILER_FLAGS= -O2 -c -mcpu=v9.5 -mhard-float -mlittle-endian -mno-xl-soft-div -mno-xl-soft-mul -mxl-barrel-shift -mxl-float-convert -mxl-float-sqrt -mxl-multiply-high -mxl-pattern-compare" "EXTRA_COMPILER_FLAGS=-g"
Compiling lwIP
Compiling lwIP adapter for Xilinx MAC
Creating archive liblwip4.a
clean target for lwip
Running Make libs in microblaze_0/libsrc/tmrctr_v3_0/src
make -C microblaze_0/libsrc/tmrctr_v3_0/src -s libs  "SHELL=/bin/sh" "COMPILER=mb-gcc" "ARCHIVER=mb-ar" "COMPILER_FLAGS= -O2 -c -mcpu=v9.5 -mhard-float -mlittle-endian -mno-xl-soft-div -mno-xl-soft-mul -mxl-barrel-shift -mxl-float-convert -mxl-float-sqrt -mxl-multiply-high -mxl-pattern-compare" "EXTRA_COMPILER_FLAGS=-g"
Compiling tmrctr
Running Make libs in microblaze_0/libsrc/uartlite_v3_0/src
make -C microblaze_0/libsrc/uartlite_v3_0/src -s libs  "SHELL=/bin/sh" "COMPILER=mb-gcc" "ARCHIVER=mb-ar" "COMPILER_FLAGS= -O2 -c -mcpu=v9.5 -mhard-float -mlittle-endian -mno-xl-soft-div -mno-xl-soft-mul -mxl-barrel-shift -mxl-float-convert -mxl-float-sqrt -mxl-multiply-high -mxl-pattern-compare" "EXTRA_COMPILER_FLAGS=-g"
Compiling uartlite
Running Make libs in microblaze_0/libsrc/xilkernel_v6_2/src
make -C microblaze_0/libsrc/xilkernel_v6_2/src -s libs  "SHELL=/bin/sh" "COMPILER=mb-gcc" "ARCHIVER=mb-ar" "COMPILER_FLAGS= -O2 -c -mcpu=v9.5 -mhard-float -mlittle-endian -mno-xl-soft-div -mno-xl-soft-mul -mxl-barrel-shift -mxl-float-convert -mxl-float-sqrt -mxl-multiply-high -mxl-pattern-compare" "EXTRA_COMPILER_FLAGS=-g"
Compiling xilkernel
Compiling standalone
killing the .o files
Running Make libs in microblaze_0/libsrc/xilmfs_v2_0/src
make -C microblaze_0/libsrc/xilmfs_v2_0/src -s libs  "SHELL=/bin/sh" "COMPILER=mb-gcc" "ARCHIVER=mb-ar" "COMPILER_FLAGS= -O2 -c -mcpu=v9.5 -mhard-float -mlittle-endian -mno-xl-soft-div -mno-xl-soft-mul -mxl-barrel-shift -mxl-float-convert -mxl-float-sqrt -mxl-multiply-high -mxl-pattern-compare" "EXTRA_COMPILER_FLAGS=-g"
Finished building libraries
09:45:27 **** Build of configuration Release for project helo_world ****
make all 
Building file: ../src/dispatch.c
Invoking: MicroBlaze gcc compiler
mb-gcc -Wall -O2 -c -fmessage-length=0 -MT"src/dispatch.o" -D __XMK__ -I../../helo_world_bsp/microblaze_0/include -mlittle-endian -mxl-barrel-shift -mxl-pattern-compare -mno-xl-soft-div -mcpu=v9.5 -mno-xl-soft-mul -mxl-multiply-high -mhard-float -mxl-float-convert -mxl-float-sqrt -Wl,--no-relax -MMD -MP -MF"src/dispatch.d" -MT"src/dispatch.d" -o "src/dispatch.o" "../src/dispatch.c"
../src/dispatch.c: In function 'transfer_data':
../src/dispatch.c:72:5: warning: implicit declaration of function 'transfer_stream_data' [-Wimplicit-function-declaration]
     transfer_stream_data();
     ^
Finished building: ../src/dispatch.c
 
Building file: ../src/echo.c
Invoking: MicroBlaze gcc compiler
mb-gcc -Wall -O2 -c -fmessage-length=0 -MT"src/echo.o" -D __XMK__ -I../../helo_world_bsp/microblaze_0/include -mlittle-endian -mxl-barrel-shift -mxl-pattern-compare -mno-xl-soft-div -mcpu=v9.5 -mno-xl-soft-mul -mxl-multiply-high -mhard-float -mxl-float-convert -mxl-float-sqrt -Wl,--no-relax -MMD -MP -MF"src/echo.d" -MT"src/echo.d" -o "src/echo.o" "../src/echo.c"
Finished building: ../src/echo.c
 
Building file: ../src/http_get_pars.c
Invoking: MicroBlaze gcc compiler
mb-gcc -Wall -O2 -c -fmessage-length=0 -MT"src/http_get_pars.o" -D __XMK__ -I../../helo_world_bsp/microblaze_0/include -mlittle-endian -mxl-barrel-shift -mxl-pattern-compare -mno-xl-soft-div -mcpu=v9.5 -mno-xl-soft-mul -mxl-multiply-high -mhard-float -mxl-float-convert -mxl-float-sqrt -Wl,--no-relax -MMD -MP -MF"src/http_get_pars.d" -MT"src/http_get_pars.d" -o "src/http_get_pars.o" "../src/http_get_pars.c"
Finished building: ../src/http_get_pars.c
 
Building file: ../src/http_response.c
Invoking: MicroBlaze gcc compiler
mb-gcc -Wall -O2 -c -fmessage-length=0 -MT"src/http_response.o" -D __XMK__ -I../../helo_world_bsp/microblaze_0/include -mlittle-endian -mxl-barrel-shift -mxl-pattern-compare -mno-xl-soft-div -mcpu=v9.5 -mno-xl-soft-mul -mxl-multiply-high -mhard-float -mxl-float-convert -mxl-float-sqrt -Wl,--no-relax -MMD -MP -MF"src/http_response.d" -MT"src/http_response.d" -o "src/http_response.o" "../src/http_response.c"
Finished building: ../src/http_response.c
 
Building file: ../src/main.c
Invoking: MicroBlaze gcc compiler
mb-gcc -Wall -O2 -c -fmessage-length=0 -MT"src/main.o" -D __XMK__ -I../../helo_world_bsp/microblaze_0/include -mlittle-endian -mxl-barrel-shift -mxl-pattern-compare -mno-xl-soft-div -mcpu=v9.5 -mno-xl-soft-mul -mxl-multiply-high -mhard-float -mxl-float-convert -mxl-float-sqrt -Wl,--no-relax -MMD -MP -MF"src/main.d" -MT"src/main.d" -o "src/main.o" "../src/main.c"
Finished building: ../src/main.c
 
Building file: ../src/platform.c
Invoking: MicroBlaze gcc compiler
mb-gcc -Wall -O2 -c -fmessage-length=0 -MT"src/platform.o" -D __XMK__ -I../../helo_world_bsp/microblaze_0/include -mlittle-endian -mxl-barrel-shift -mxl-pattern-compare -mno-xl-soft-div -mcpu=v9.5 -mno-xl-soft-mul -mxl-multiply-high -mhard-float -mxl-float-convert -mxl-float-sqrt -Wl,--no-relax -MMD -MP -MF"src/platform.d" -MT"src/platform.d" -o "src/platform.o" "../src/platform.c"
Finished building: ../src/platform.c
 
Building file: ../src/platform_fs.c
Invoking: MicroBlaze gcc compiler
mb-gcc -Wall -O2 -c -fmessage-length=0 -MT"src/platform_fs.o" -D __XMK__ -I../../helo_world_bsp/microblaze_0/include -mlittle-endian -mxl-barrel-shift -mxl-pattern-compare -mno-xl-soft-div -mcpu=v9.5 -mno-xl-soft-mul -mxl-multiply-high -mhard-float -mxl-float-convert -mxl-float-sqrt -Wl,--no-relax -MMD -MP -MF"src/platform_fs.d" -MT"src/platform_fs.d" -o "src/platform_fs.o" "../src/platform_fs.c"
Finished building: ../src/platform_fs.c
 
Building file: ../src/platform_gpio.c
Invoking: MicroBlaze gcc compiler
mb-gcc -Wall -O2 -c -fmessage-length=0 -MT"src/platform_gpio.o" -D __XMK__ -I../../helo_world_bsp/microblaze_0/include -mlittle-endian -mxl-barrel-shift -mxl-pattern-compare -mno-xl-soft-div -mcpu=v9.5 -mno-xl-soft-mul -mxl-multiply-high -mhard-float -mxl-float-convert -mxl-float-sqrt -Wl,--no-relax -MMD -MP -MF"src/platform_gpio.d" -MT"src/platform_gpio.d" -o "src/platform_gpio.o" "../src/platform_gpio.c"
Finished building: ../src/platform_gpio.c
 
Building file: ../src/prot_malloc.c
Invoking: MicroBlaze gcc compiler
mb-gcc -Wall -O2 -c -fmessage-length=0 -MT"src/prot_malloc.o" -D __XMK__ -I../../helo_world_bsp/microblaze_0/include -mlittle-endian -mxl-barrel-shift -mxl-pattern-compare -mno-xl-soft-div -mcpu=v9.5 -mno-xl-soft-mul -mxl-multiply-high -mhard-float -mxl-float-convert -mxl-float-sqrt -Wl,--no-relax -MMD -MP -MF"src/prot_malloc.d" -MT"src/prot_malloc.d" -o "src/prot_malloc.o" "../src/prot_malloc.c"
Finished building: ../src/prot_malloc.c
 
Building file: ../src/pulser.c
Invoking: MicroBlaze gcc compiler
mb-gcc -Wall -O2 -c -fmessage-length=0 -MT"src/pulser.o" -D __XMK__ -I../../helo_world_bsp/microblaze_0/include -mlittle-endian -mxl-barrel-shift -mxl-pattern-compare -mno-xl-soft-div -mcpu=v9.5 -mno-xl-soft-mul -mxl-multiply-high -mhard-float -mxl-float-convert -mxl-float-sqrt -Wl,--no-relax -MMD -MP -MF"src/pulser.d" -MT"src/pulser.d" -o "src/pulser.o" "../src/pulser.c"
Finished building: ../src/pulser.c
 
Building file: ../src/rate_calc.c
Invoking: MicroBlaze gcc compiler
mb-gcc -Wall -O2 -c -fmessage-length=0 -MT"src/rate_calc.o" -D __XMK__ -I../../helo_world_bsp/microblaze_0/include -mlittle-endian -mxl-barrel-shift -mxl-pattern-compare -mno-xl-soft-div -mcpu=v9.5 -mno-xl-soft-mul -mxl-multiply-high -mhard-float -mxl-float-convert -mxl-float-sqrt -Wl,--no-relax -MMD -MP -MF"src/rate_calc.d" -MT"src/rate_calc.d" -o "src/rate_calc.o" "../src/rate_calc.c"
Finished building: ../src/rate_calc.c
 
Building file: ../src/rxperf.c
Invoking: MicroBlaze gcc compiler
mb-gcc -Wall -O2 -c -fmessage-length=0 -MT"src/rxperf.o" -D __XMK__ -I../../helo_world_bsp/microblaze_0/include -mlittle-endian -mxl-barrel-shift -mxl-pattern-compare -mno-xl-soft-div -mcpu=v9.5 -mno-xl-soft-mul -mxl-multiply-high -mhard-float -mxl-float-convert -mxl-float-sqrt -Wl,--no-relax -MMD -MP -MF"src/rxperf.d" -MT"src/rxperf.d" -o "src/rxperf.o" "../src/rxperf.c"
Finished building: ../src/rxperf.c
 
Building file: ../src/stream_readout.c
Invoking: MicroBlaze gcc compiler
mb-gcc -Wall -O2 -c -fmessage-length=0 -MT"src/stream_readout.o" -D __XMK__ -I../../helo_world_bsp/microblaze_0/include -mlittle-endian -mxl-barrel-shift -mxl-pattern-compare -mno-xl-soft-div -mcpu=v9.5 -mno-xl-soft-mul -mxl-multiply-high -mhard-float -mxl-float-convert -mxl-float-sqrt -Wl,--no-relax -MMD -MP -MF"src/stream_readout.d" -MT"src/stream_readout.d" -o "src/stream_readout.o" "../src/stream_readout.c"
Finished building: ../src/stream_readout.c
 
Building file: ../src/txperf.c
Invoking: MicroBlaze gcc compiler
mb-gcc -Wall -O2 -c -fmessage-length=0 -MT"src/txperf.o" -D __XMK__ -I../../helo_world_bsp/microblaze_0/include -mlittle-endian -mxl-barrel-shift -mxl-pattern-compare -mno-xl-soft-div -mcpu=v9.5 -mno-xl-soft-mul -mxl-multiply-high -mhard-float -mxl-float-convert -mxl-float-sqrt -Wl,--no-relax -MMD -MP -MF"src/txperf.d" -MT"src/txperf.d" -o "src/txperf.o" "../src/txperf.c"
Finished building: ../src/txperf.c
 
Building file: ../src/urxperf.c
Invoking: MicroBlaze gcc compiler
mb-gcc -Wall -O2 -c -fmessage-length=0 -MT"src/urxperf.o" -D __XMK__ -I../../helo_world_bsp/microblaze_0/include -mlittle-endian -mxl-barrel-shift -mxl-pattern-compare -mno-xl-soft-div -mcpu=v9.5 -mno-xl-soft-mul -mxl-multiply-high -mhard-float -mxl-float-convert -mxl-float-sqrt -Wl,--no-relax -MMD -MP -MF"src/urxperf.d" -MT"src/urxperf.d" -o "src/urxperf.o" "../src/urxperf.c"
Finished building: ../src/urxperf.c
 
Building file: ../src/utxperf.c
Invoking: MicroBlaze gcc compiler
mb-gcc -Wall -O2 -c -fmessage-length=0 -MT"src/utxperf.o" -D __XMK__ -I../../helo_world_bsp/microblaze_0/include -mlittle-endian -mxl-barrel-shift -mxl-pattern-compare -mno-xl-soft-div -mcpu=v9.5 -mno-xl-soft-mul -mxl-multiply-high -mhard-float -mxl-float-convert -mxl-float-sqrt -Wl,--no-relax -MMD -MP -MF"src/utxperf.d" -MT"src/utxperf.d" -o "src/utxperf.o" "../src/utxperf.c"
Finished building: ../src/utxperf.c
 
Building file: ../src/web_utils.c
Invoking: MicroBlaze gcc compiler
mb-gcc -Wall -O2 -c -fmessage-length=0 -MT"src/web_utils.o" -D __XMK__ -I../../helo_world_bsp/microblaze_0/include -mlittle-endian -mxl-barrel-shift -mxl-pattern-compare -mno-xl-soft-div -mcpu=v9.5 -mno-xl-soft-mul -mxl-multiply-high -mhard-float -mxl-float-convert -mxl-float-sqrt -Wl,--no-relax -MMD -MP -MF"src/web_utils.d" -MT"src/web_utils.d" -o "src/web_utils.o" "../src/web_utils.c"
Finished building: ../src/web_utils.c
 
Building file: ../src/webserver.c
Invoking: MicroBlaze gcc compiler
mb-gcc -Wall -O2 -c -fmessage-length=0 -MT"src/webserver.o" -D __XMK__ -I../../helo_world_bsp/microblaze_0/include -mlittle-endian -mxl-barrel-shift -mxl-pattern-compare -mno-xl-soft-div -mcpu=v9.5 -mno-xl-soft-mul -mxl-multiply-high -mhard-float -mxl-float-convert -mxl-float-sqrt -Wl,--no-relax -MMD -MP -MF"src/webserver.d" -MT"src/webserver.d" -o "src/webserver.o" "../src/webserver.c"
Finished building: ../src/webserver.c
 
Building target: helo_world.elf
Invoking: MicroBlaze gcc linker
mb-gcc -Wl,-T -Wl,../src/lscript.ld -L../../helo_world_bsp/microblaze_0/lib -mlittle-endian -mxl-barrel-shift -mxl-pattern-compare -mno-xl-soft-div -mcpu=v9.5 -mno-xl-soft-mul -mxl-multiply-high -mhard-float -mxl-float-convert -mxl-float-sqrt -Wl,--no-relax -o "helo_world.elf"  ./src/dispatch.o ./src/echo.o ./src/http_get_pars.o ./src/http_response.o ./src/main.o ./src/platform.o ./src/platform_fs.o ./src/platform_gpio.o ./src/prot_malloc.o ./src/pulser.o ./src/rate_calc.o ./src/rxperf.o ./src/stream_readout.o ./src/txperf.o ./src/urxperf.o ./src/utxperf.o ./src/web_utils.o ./src/webserver.o   -lxilkernel
./src/echo.o: In function `echo_accept_callback':
(.text+0x18): undefined reference to `tcp_recv'
./src/echo.o: In function `echo_accept_callback':
(.text+0x2c): undefined reference to `tcp_arg'
./src/echo.o: In function `echo_recv_callback':
(.text+0x80): undefined reference to `tcp_recved'
./src/echo.o: In function `echo_recv_callback':
(.text+0xa0): undefined reference to `pbuf_free'
./src/echo.o: In function `echo_recv_callback':
(.text+0xc8): undefined reference to `tcp_write'
./src/echo.o: In function `echo_recv_callback':
(.text+0xd8): undefined reference to `tcp_close'
./src/echo.o: In function `echo_recv_callback':
(.text+0xe8): undefined reference to `tcp_recv'
./src/echo.o: In function `start_echo_application':
(.text+0x158): undefined reference to `tcp_new'
./src/echo.o: In function `start_echo_application':
(.text+0x170): undefined reference to `ip_addr_any'
./src/echo.o: In function `start_echo_application':
(.text+0x178): undefined reference to `tcp_bind'
./src/echo.o: In function `start_echo_application':
(.text+0x190): undefined reference to `tcp_arg'
./src/echo.o: In function `start_echo_application':
(.text+0x1a0): undefined reference to `tcp_listen_with_backlog'
./src/echo.o: In function `start_echo_application':
(.text+0x1b8): undefined reference to `tcp_accept'
./src/http_response.o: In function `do_404':
(.text+0x9c): undefined reference to `tcp_write'
./src/http_response.o: In function `do_404':
(.text+0xd4): undefined reference to `tcp_write'
./src/http_response.o: In function `do_404':
(.text+0xf0): undefined reference to `tcp_write'
./src/http_response.o: In function `do_404':
(.text+0x120): undefined reference to `tcp_write'
./src/http_response.o: In function `do_virtual_responce':
(.text+0x21c): undefined reference to `tcp_write'
./src/http_response.o:(.text+0x25c): more undefined references to `tcp_write' follow
./src/main.o: In function `main':
(.text.startup+0xbc): undefined reference to `lwip_init'
./src/main.o: In function `main':
(.text.startup+0xe0): undefined reference to `xemac_add'
./src/main.o: In function `main':
(.text.startup+0xf0): undefined reference to `netif_set_default'
./src/main.o: In function `main':
(.text.startup+0xfc): undefined reference to `netif_set_up'
./src/main.o: In function `main':
(.text.startup+0x130): undefined reference to `xemacif_input'
./src/main.o: In function `main':
(.text.startup+0x154): undefined reference to `tcp_fasttmr'
./src/main.o: In function `main':
(.text.startup+0x180): undefined reference to `tcp_slowtmr'
./src/prot_malloc.o: In function `prot_mem_malloc':
(.text+0x1c): undefined reference to `mem_malloc'
./src/prot_malloc.o: In function `prot_mem_free':
(.text+0x5c): undefined reference to `mem_free'
./src/rate_calc.o: In function `rate_calc':
(.text+0x78): undefined reference to `coincidence_rate'
./src/rate_calc.o: In function `rate_calc':
(.text+0xa8): undefined reference to `prescaler_rate'
./src/rate_calc.o: In function `rate_calc':
(.text+0xe0): undefined reference to `coincidence_rate'
./src/rate_calc.o: In function `rate_calc':
(.text+0xfc): undefined reference to `prescaler_rate'
./src/rxperf.o: In function `rxperf_accept_callback':
(.text+0x28): undefined reference to `tcp_recv'
./src/rxperf.o: In function `rxperf_recv_callback':
(.text+0x60): undefined reference to `tcp_recved'
./src/rxperf.o: In function `rxperf_recv_callback':
(.text+0x6c): undefined reference to `pbuf_free'
./src/rxperf.o: In function `rxperf_recv_callback':
(.text+0x8c): undefined reference to `tcp_close'
./src/rxperf.o: In function `start_rxperf_application':
(.text+0xc0): undefined reference to `tcp_new'
./src/rxperf.o: In function `start_rxperf_application':
(.text+0xd8): undefined reference to `ip_addr_any'
./src/rxperf.o: In function `start_rxperf_application':
(.text+0xe0): undefined reference to `tcp_bind'
./src/rxperf.o: In function `start_rxperf_application':
(.text+0xf8): undefined reference to `tcp_arg'
./src/rxperf.o: In function `start_rxperf_application':
(.text+0x108): undefined reference to `tcp_listen_with_backlog'
./src/rxperf.o: In function `start_rxperf_application':
(.text+0x120): undefined reference to `tcp_accept'
./src/stream_readout.o: In function `stream_accept_callback':
(.text+0x1c): undefined reference to `tcp_arg'
./src/stream_readout.o: In function `stream_accept_callback':
(.text+0x30): undefined reference to `tcp_recv'
./src/stream_readout.o: In function `stream_accept_callback':
(.text+0x44): undefined reference to `tcp_sent'
./src/stream_readout.o: In function `stream_sent_callback':
(.text+0x94): undefined reference to `tcp_close'
./src/stream_readout.o: In function `stream_send_back_readout':
(.text+0x150): undefined reference to `coincidence_rate'
./src/stream_readout.o: In function `stream_send_back_readout':
(.text+0x158): undefined reference to `prescaler_rate'
./src/stream_readout.o: In function `stream_send_back_readout':
(.text+0x180): undefined reference to `tcp_write'
./src/stream_readout.o: In function `stream_recv_callback':
(.text+0x1e4): undefined reference to `tcp_recved'
./src/stream_readout.o: In function `stream_recv_callback':
(.text+0x1f8): undefined reference to `pbuf_free'
./src/stream_readout.o: In function `stream_recv_callback':
(.text+0x21c): undefined reference to `pbuf_free'
./src/stream_readout.o: In function `start_stream_application':
(.text+0x248): undefined reference to `tcp_new'
./src/stream_readout.o: In function `start_stream_application':
(.text+0x260): undefined reference to `ip_addr_any'
./src/stream_readout.o: In function `start_stream_application':
(.text+0x268): undefined reference to `tcp_bind'
./src/stream_readout.o: In function `start_stream_application':
(.text+0x280): undefined reference to `tcp_arg'
./src/stream_readout.o: In function `start_stream_application':
(.text+0x290): undefined reference to `tcp_listen_with_backlog'
./src/stream_readout.o: In function `start_stream_application':
(.text+0x2a8): undefined reference to `tcp_accept'
./src/txperf.o: In function `txperf_sent_callback':
(.text+0x24): undefined reference to `tcp_write'
./src/txperf.o: In function `txperf_sent_callback':
(.text+0x38): undefined reference to `tcp_output'
./src/txperf.o: In function `txperf_connected_callback':
(.text+0x108): undefined reference to `tcp_arg'
./src/txperf.o: In function `txperf_connected_callback':
(.text+0x11c): undefined reference to `tcp_sent'
./src/txperf.o: In function `transfer_txperf_data':
(.text+0x164): undefined reference to `tcp_write'
./src/txperf.o: In function `transfer_txperf_data':
(.text+0x178): undefined reference to `tcp_output'
./src/txperf.o: In function `transfer_txperf_data':
(.text+0x224): undefined reference to `tcp_write'
./src/txperf.o: In function `transfer_txperf_data':
(.text+0x234): undefined reference to `tcp_output'
./src/txperf.o: In function `start_txperf_application':
(.text+0x288): undefined reference to `tcp_new'
./src/txperf.o: In function `start_txperf_application':
(.text+0x2b4): undefined reference to `tcp_connect'
./src/urxperf.o: In function `urxperf_recv_callback':
(.text+0x54): undefined reference to `pbuf_free'
./src/urxperf.o: In function `start_urxperf_application':
(.text+0x88): undefined reference to `udp_new'
./src/urxperf.o: In function `start_urxperf_application':
(.text+0xa0): undefined reference to `ip_addr_any'
./src/urxperf.o: In function `start_urxperf_application':
(.text+0xa8): undefined reference to `udp_bind'
./src/urxperf.o: In function `start_urxperf_application':
(.text+0xc8): undefined reference to `udp_recv'
./src/utxperf.o: In function `transfer_utxperf_data':
(.text+0x20): undefined reference to `pbuf_alloc'
./src/utxperf.o: In function `transfer_utxperf_data':
(.text+0x84): undefined reference to `udp_send'
./src/utxperf.o: In function `transfer_utxperf_data':
(.text+0xa0): undefined reference to `pbuf_free'
./src/utxperf.o: In function `transfer_utxperf_data':
(.text+0x11c): undefined reference to `pbuf_free'
./src/utxperf.o: In function `start_utxperf_application':
(.text+0x13c): undefined reference to `udp_new'
./src/utxperf.o: In function `start_utxperf_application':
(.text+0x154): undefined reference to `ip_addr_any'
./src/utxperf.o: In function `start_utxperf_application':
(.text+0x15c): undefined reference to `udp_bind'
./src/utxperf.o: In function `start_utxperf_application':
(.text+0x180): undefined reference to `udp_connect'
./src/utxperf.o: In function `start_utxperf_application':
(.text+0x218): undefined reference to `udp_connect'
./src/webserver.o: In function `http_recv_callback':
(.text+0x2c): undefined reference to `tcp_recved'
./src/webserver.o: In function `http_recv_callback':
(.text+0x4c): undefined reference to `pbuf_free'
./src/webserver.o: In function `http_recv_callback':
(.text+0x70): undefined reference to `pbuf_free'
./src/webserver.o: In function `http_accept_callback':
(.text+0xa0): undefined reference to `tcp_arg'
./src/webserver.o: In function `http_accept_callback':
(.text+0xb4): undefined reference to `tcp_recv'
./src/webserver.o: In function `http_accept_callback':
(.text+0xc8): undefined reference to `tcp_sent'
./src/webserver.o: In function `http_sent_callback':
(.text+0x118): undefined reference to `tcp_close'
./src/webserver.o: In function `start_web_application':
(.text+0x160): undefined reference to `tcp_new'
./src/webserver.o: In function `start_web_application':
(.text+0x178): undefined reference to `ip_addr_any'
./src/webserver.o: In function `start_web_application':
(.text+0x180): undefined reference to `tcp_bind'
./src/webserver.o: In function `start_web_application':
(.text+0x198): undefined reference to `tcp_arg'
./src/webserver.o: In function `start_web_application':
(.text+0x1a8): undefined reference to `tcp_listen_with_backlog'
./src/webserver.o: In function `start_web_application':
(.text+0x1c0): undefined reference to `tcp_accept'
collect2: error: ld returned 1 exit status
make: *** [helo_world.elf] Error 1
09:45:28 **** Build of project socket_apps_bsp ****
make -k all 
Running Make include in microblaze_0/libsrc/axidma_v8_0/src
make -C microblaze_0/libsrc/axidma_v8_0/src -s include  "SHELL=/bin/sh" "COMPILER=mb-gcc" "ARCHIVER=mb-ar" "COMPILER_FLAGS= -O2 -c -mcpu=v9.4 -mhard-float -mlittle-endian -mno-xl-soft-div -mno-xl-soft-mul -mxl-barrel-shift -mxl-float-convert -mxl-float-sqrt -mxl-multiply-high -mxl-pattern-compare" "EXTRA_COMPILER_FLAGS=-g -ffunction-sections -fdata-sections"
Running Make include in microblaze_0/libsrc/axiethernet_v4_2/src
make -C microblaze_0/libsrc/axiethernet_v4_2/src -s include  "SHELL=/bin/sh" "COMPILER=mb-gcc" "ARCHIVER=mb-ar" "COMPILER_FLAGS= -O2 -c -mcpu=v9.4 -mhard-float -mlittle-endian -mno-xl-soft-div -mno-xl-soft-mul -mxl-barrel-shift -mxl-float-convert -mxl-float-sqrt -mxl-multiply-high -mxl-pattern-compare" "EXTRA_COMPILER_FLAGS=-g -ffunction-sections -fdata-sections"
Running Make include in microblaze_0/libsrc/bram_v4_0/src
make -C microblaze_0/libsrc/bram_v4_0/src -s include  "SHELL=/bin/sh" "COMPILER=mb-gcc" "ARCHIVER=mb-ar" "COMPILER_FLAGS= -O2 -c -mcpu=v9.4 -mhard-float -mlittle-endian -mno-xl-soft-div -mno-xl-soft-mul -mxl-barrel-shift -mxl-float-convert -mxl-float-sqrt -mxl-multiply-high -mxl-pattern-compare" "EXTRA_COMPILER_FLAGS=-g -ffunction-sections -fdata-sections"
Running Make include in microblaze_0/libsrc/cpu_v2_2/src
make -C microblaze_0/libsrc/cpu_v2_2/src -s include  "SHELL=/bin/sh" "COMPILER=mb-gcc" "ARCHIVER=mb-ar" "COMPILER_FLAGS= -O2 -c -mcpu=v9.4 -mhard-float -mlittle-endian -mno-xl-soft-div -mno-xl-soft-mul -mxl-barrel-shift -mxl-float-convert -mxl-float-sqrt -mxl-multiply-high -mxl-pattern-compare" "EXTRA_COMPILER_FLAGS=-g -ffunction-sections -fdata-sections"
Running Make include in microblaze_0/libsrc/intc_v3_2/src
make -C microblaze_0/libsrc/intc_v3_2/src -s include  "SHELL=/bin/sh" "COMPILER=mb-gcc" "ARCHIVER=mb-ar" "COMPILER_FLAGS= -O2 -c -mcpu=v9.4 -mhard-float -mlittle-endian -mno-xl-soft-div -mno-xl-soft-mul -mxl-barrel-shift -mxl-float-convert -mxl-float-sqrt -mxl-multiply-high -mxl-pattern-compare" "EXTRA_COMPILER_FLAGS=-g -ffunction-sections -fdata-sections"
Running Make include in microblaze_0/libsrc/lwip141_v2_2/src
make -C microblaze_0/libsrc/lwip141_v2_2/src -s include  "SHELL=/bin/sh" "COMPILER=mb-gcc" "ARCHIVER=mb-ar" "COMPILER_FLAGS= -O2 -c -mcpu=v9.4 -mhard-float -mlittle-endian -mno-xl-soft-div -mno-xl-soft-mul -mxl-barrel-shift -mxl-float-convert -mxl-float-sqrt -mxl-multiply-high -mxl-pattern-compare" "EXTRA_COMPILER_FLAGS=-g -ffunction-sections -fdata-sections"
Running Make include in microblaze_0/libsrc/tmrctr_v3_0/src
make -C microblaze_0/libsrc/tmrctr_v3_0/src -s include  "SHELL=/bin/sh" "COMPILER=mb-gcc" "ARCHIVER=mb-ar" "COMPILER_FLAGS= -O2 -c -mcpu=v9.4 -mhard-float -mlittle-endian -mno-xl-soft-div -mno-xl-soft-mul -mxl-barrel-shift -mxl-float-convert -mxl-float-sqrt -mxl-multiply-high -mxl-pattern-compare" "EXTRA_COMPILER_FLAGS=-g -ffunction-sections -fdata-sections"
Running Make include in microblaze_0/libsrc/uartlite_v3_0/src
make -C microblaze_0/libsrc/uartlite_v3_0/src -s include  "SHELL=/bin/sh" "COMPILER=mb-gcc" "ARCHIVER=mb-ar" "COMPILER_FLAGS= -O2 -c -mcpu=v9.4 -mhard-float -mlittle-endian -mno-xl-soft-div -mno-xl-soft-mul -mxl-barrel-shift -mxl-float-convert -mxl-float-sqrt -mxl-multiply-high -mxl-pattern-compare" "EXTRA_COMPILER_FLAGS=-g -ffunction-sections -fdata-sections"
Running Make include in microblaze_0/libsrc/xilkernel_v6_1/src
make -C microblaze_0/libsrc/xilkernel_v6_1/src -s include  "SHELL=/bin/sh" "COMPILER=mb-gcc" "ARCHIVER=mb-ar" "COMPILER_FLAGS= -O2 -c -mcpu=v9.4 -mhard-float -mlittle-endian -mno-xl-soft-div -mno-xl-soft-mul -mxl-barrel-shift -mxl-float-convert -mxl-float-sqrt -mxl-multiply-high -mxl-pattern-compare" "EXTRA_COMPILER_FLAGS=-g -ffunction-sections -fdata-sections"
Running Make include in microblaze_0/libsrc/xilmfs_v2_0/src
make -C microblaze_0/libsrc/xilmfs_v2_0/src -s include  "SHELL=/bin/sh" "COMPILER=mb-gcc" "ARCHIVER=mb-ar" "COMPILER_FLAGS= -O2 -c -mcpu=v9.4 -mhard-float -mlittle-endian -mno-xl-soft-div -mno-xl-soft-mul -mxl-barrel-shift -mxl-float-convert -mxl-float-sqrt -mxl-multiply-high -mxl-pattern-compare" "EXTRA_COMPILER_FLAGS=-g -ffunction-sections -fdata-sections"
Running Make libs in microblaze_0/libsrc/axidma_v8_0/src
make -C microblaze_0/libsrc/axidma_v8_0/src -s libs  "SHELL=/bin/sh" "COMPILER=mb-gcc" "ARCHIVER=mb-ar" "COMPILER_FLAGS= -O2 -c -mcpu=v9.4 -mhard-float -mlittle-endian -mno-xl-soft-div -mno-xl-soft-mul -mxl-barrel-shift -mxl-float-convert -mxl-float-sqrt -mxl-multiply-high -mxl-pattern-compare" "EXTRA_COMPILER_FLAGS=-g -ffunction-sections -fdata-sections"
Compiling axidma
mb-ar: creating ../../../lib/libxil.a
Running Make libs in microblaze_0/libsrc/axiethernet_v4_2/src
make -C microblaze_0/libsrc/axiethernet_v4_2/src -s libs  "SHELL=/bin/sh" "COMPILER=mb-gcc" "ARCHIVER=mb-ar" "COMPILER_FLAGS= -O2 -c -mcpu=v9.4 -mhard-float -mlittle-endian -mno-xl-soft-div -mno-xl-soft-mul -mxl-barrel-shift -mxl-float-convert -mxl-float-sqrt -mxl-multiply-high -mxl-pattern-compare" "EXTRA_COMPILER_FLAGS=-g -ffunction-sections -fdata-sections"
Compiling axiethernet
Running Make libs in microblaze_0/libsrc/bram_v4_0/src
make -C microblaze_0/libsrc/bram_v4_0/src -s libs  "SHELL=/bin/sh" "COMPILER=mb-gcc" "ARCHIVER=mb-ar" "COMPILER_FLAGS= -O2 -c -mcpu=v9.4 -mhard-float -mlittle-endian -mno-xl-soft-div -mno-xl-soft-mul -mxl-barrel-shift -mxl-float-convert -mxl-float-sqrt -mxl-multiply-high -mxl-pattern-compare" "EXTRA_COMPILER_FLAGS=-g -ffunction-sections -fdata-sections"
Compiling bram
Running Make libs in microblaze_0/libsrc/cpu_v2_2/src
make -C microblaze_0/libsrc/cpu_v2_2/src -s libs  "SHELL=/bin/sh" "COMPILER=mb-gcc" "ARCHIVER=mb-ar" "COMPILER_FLAGS= -O2 -c -mcpu=v9.4 -mhard-float -mlittle-endian -mno-xl-soft-div -mno-xl-soft-mul -mxl-barrel-shift -mxl-float-convert -mxl-float-sqrt -mxl-multiply-high -mxl-pattern-compare" "EXTRA_COMPILER_FLAGS=-g -ffunction-sections -fdata-sections"
Compiling cpu
Running Make libs in microblaze_0/libsrc/intc_v3_2/src
[...]
(.text.startup+0x130): undefined reference to `xemacif_input'
./src/main.o: In function `main':
(.text.startup+0x154): undefined reference to `tcp_fasttmr'
./src/main.o: In function `main':
(.text.startup+0x180): undefined reference to `tcp_slowtmr'
./src/platform.o: In function `timer_callback':
(.text+0x8c): undefined reference to `dhcp_fine_tmr'
./src/platform.o: In function `timer_callback':
(.text+0xb0): undefined reference to `dhcp_coarse_tmr'
./src/prot_malloc.o: In function `prot_mem_malloc':
(.text+0x1c): undefined reference to `mem_malloc'
./src/prot_malloc.o: In function `prot_mem_free':
(.text+0x5c): undefined reference to `mem_free'
./src/rate_calc.o: In function `rate_calc':
(.text+0xa8): undefined reference to `prescaler_rate'
./src/rate_calc.o: In function `rate_calc':
(.text+0xfc): undefined reference to `prescaler_rate'
./src/rxperf.o: In function `rxperf_accept_callback':
(.text+0x28): undefined reference to `tcp_recv'
./src/rxperf.o: In function `rxperf_recv_callback':
(.text+0x60): undefined reference to `tcp_recved'
./src/rxperf.o: In function `rxperf_recv_callback':
(.text+0x6c): undefined reference to `pbuf_free'
./src/rxperf.o: In function `rxperf_recv_callback':
(.text+0x8c): undefined reference to `tcp_close'
./src/rxperf.o: In function `start_rxperf_application':
(.text+0xc0): undefined reference to `tcp_new'
./src/rxperf.o: In function `start_rxperf_application':
(.text+0xd8): undefined reference to `ip_addr_any'
./src/rxperf.o: In function `start_rxperf_application':
(.text+0xe0): undefined reference to `tcp_bind'
./src/rxperf.o: In function `start_rxperf_application':
(.text+0xf8): undefined reference to `tcp_arg'
./src/rxperf.o: In function `start_rxperf_application':
(.text+0x108): undefined reference to `tcp_listen_with_backlog'
./src/rxperf.o: In function `start_rxperf_application':
(.text+0x120): undefined reference to `tcp_accept'
./src/stream_readout.o: In function `stream_accept_callback':
(.text+0x1c): undefined reference to `tcp_arg'
./src/stream_readout.o: In function `stream_accept_callback':
(.text+0x30): undefined reference to `tcp_recv'
./src/stream_readout.o: In function `stream_accept_callback':
(.text+0x44): undefined reference to `tcp_sent'
./src/stream_readout.o: In function `stream_sent_callback':
(.text+0x94): undefined reference to `tcp_close'
./src/stream_readout.o: In function `stream_send_back_readout':
(.text+0x158): undefined reference to `prescaler_rate'
./src/stream_readout.o: In function `stream_send_back_readout':
(.text+0x180): undefined reference to `tcp_write'
./src/stream_readout.o: In function `stream_recv_callback':
(.text+0x1e4): undefined reference to `tcp_recved'
./src/stream_readout.o: In function `stream_recv_callback':
(.text+0x1f8): undefined reference to `pbuf_free'
./src/stream_readout.o: In function `stream_recv_callback':
(.text+0x21c): undefined reference to `pbuf_free'
./src/stream_readout.o: In function `start_stream_application':
(.text+0x248): undefined reference to `tcp_new'
./src/stream_readout.o: In function `start_stream_application':
(.text+0x260): undefined reference to `ip_addr_any'
./src/stream_readout.o: In function `start_stream_application':
(.text+0x268): undefined reference to `tcp_bind'
./src/stream_readout.o: In function `start_stream_application':
(.text+0x280): undefined reference to `tcp_arg'
./src/stream_readout.o: In function `start_stream_application':
(.text+0x290): undefined reference to `tcp_listen_with_backlog'
./src/stream_readout.o: In function `start_stream_application':
(.text+0x2a8): undefined reference to `tcp_accept'
./src/txperf.o: In function `txperf_sent_callback':
(.text+0x24): undefined reference to `tcp_write'
./src/txperf.o: In function `txperf_sent_callback':
(.text+0x38): undefined reference to `tcp_output'
./src/txperf.o: In function `txperf_connected_callback':
(.text+0x108): undefined reference to `tcp_arg'
./src/txperf.o: In function `txperf_connected_callback':
(.text+0x11c): undefined reference to `tcp_sent'
./src/txperf.o: In function `transfer_txperf_data':
(.text+0x164): undefined reference to `tcp_write'
./src/txperf.o: In function `transfer_txperf_data':
(.text+0x178): undefined reference to `tcp_output'
./src/txperf.o: In function `transfer_txperf_data':
(.text+0x224): undefined reference to `tcp_write'
./src/txperf.o: In function `transfer_txperf_data':
(.text+0x234): undefined reference to `tcp_output'
./src/txperf.o: In function `start_txperf_application':
(.text+0x288): undefined reference to `tcp_new'
./src/txperf.o: In function `start_txperf_application':
(.text+0x2b4): undefined reference to `tcp_connect'
./src/urxperf.o: In function `urxperf_recv_callback':
(.text+0x54): undefined reference to `pbuf_free'
./src/urxperf.o: In function `start_urxperf_application':
(.text+0x88): undefined reference to `udp_new'
./src/urxperf.o: In function `start_urxperf_application':
(.text+0xa0): undefined reference to `ip_addr_any'
./src/urxperf.o: In function `start_urxperf_application':
(.text+0xa8): undefined reference to `udp_bind'
./src/urxperf.o: In function `start_urxperf_application':
(.text+0xc8): undefined reference to `udp_recv'
./src/utxperf.o: In function `transfer_utxperf_data':
(.text+0x20): undefined reference to `pbuf_alloc'
./src/utxperf.o: In function `transfer_utxperf_data':
(.text+0x84): undefined reference to `udp_send'
./src/utxperf.o: In function `transfer_utxperf_data':
(.text+0xa0): undefined reference to `pbuf_free'
./src/utxperf.o: In function `transfer_utxperf_data':
(.text+0x11c): undefined reference to `pbuf_free'
./src/utxperf.o: In function `start_utxperf_application':
(.text+0x13c): undefined reference to `udp_new'
./src/utxperf.o: In function `start_utxperf_application':
(.text+0x154): undefined reference to `ip_addr_any'
./src/utxperf.o: In function `start_utxperf_application':
(.text+0x15c): undefined reference to `udp_bind'
./src/utxperf.o: In function `start_utxperf_application':
(.text+0x180): undefined reference to `udp_connect'
./src/utxperf.o: In function `start_utxperf_application':
(.text+0x218): undefined reference to `udp_connect'
./src/webserver.o: In function `http_recv_callback':
(.text+0x2c): undefined reference to `tcp_recved'
./src/webserver.o: In function `http_recv_callback':
(.text+0x4c): undefined reference to `pbuf_free'
./src/webserver.o: In function `http_recv_callback':
(.text+0x70): undefined reference to `pbuf_free'
./src/webserver.o: In function `http_accept_callback':
(.text+0xa0): undefined reference to `tcp_arg'
./src/webserver.o: In function `http_accept_callback':
(.text+0xb4): undefined reference to `tcp_recv'
./src/webserver.o: In function `http_accept_callback':
(.text+0xc8): undefined reference to `tcp_sent'
./src/webserver.o: In function `http_sent_callback':
(.text+0x118): undefined reference to `tcp_close'
./src/webserver.o: In function `start_web_application':
(.text+0x160): undefined reference to `tcp_new'
./src/webserver.o: In function `start_web_application':
(.text+0x178): undefined reference to `ip_addr_any'
./src/webserver.o: In function `start_web_application':
(.text+0x180): undefined reference to `tcp_bind'
./src/webserver.o: In function `start_web_application':
(.text+0x198): undefined reference to `tcp_arg'
./src/webserver.o: In function `start_web_application':
(.text+0x1a8): undefined reference to `tcp_listen_with_backlog'
./src/webserver.o: In function `start_web_application':
(.text+0x1c0): undefined reference to `tcp_accept'
collect2: error: ld returned 1 exit status
make: *** [helo_world.elf] Error 1
10:26:34 **** Incremental Build of configuration Debug for project raw_apps ****
make all 
Building target: raw_apps.elf
Invoking: MicroBlaze gcc linker
mb-gcc -L/data1/jmoore/XAPP1026/AC701_AxiEth_100Mhz_64kb/repo/lwip141_v2_1 -L../../helo_world_bsp/microblaze_0/lib -Wl,-T -Wl,../src/lscript.ld -mlittle-endian -mxl-barrel-shift -mxl-pattern-compare -mno-xl-soft-div -mcpu=v9.5 -mno-xl-soft-mul -mxl-multiply-high -mhard-float -mxl-float-convert -mxl-float-sqrt -Wl,--no-relax -Wl,--gc-sections -o "raw_apps.elf"  ./src/dispatch.o ./src/echo.o ./src/http_response.o ./src/main.o ./src/platform.o ./src/platform_fs.o ./src/platform_gpio.o ./src/prot_malloc.o ./src/rxperf.o ./src/tftpserver.o ./src/tftputils.o ./src/txperf.o ./src/urxperf.o ./src/utxperf.o ./src/web_utils.o ./src/webserver.o   -l-Wl\ --start-group\ -lxil\ -lgcc\ -lc\ --end-group -lxilkernel -l-Wl,--start-group,-lxil,-lgcc,-lc,--end-group -llwip4
/opt/xilinx/SDK/2015.2/gnu/microblaze/lin/bin/../lib/gcc/microblaze-xilinx-elf/4.9.2/../../../../microblaze-xilinx-elf/bin/ld: cannot find -l-Wl --start-group -lxil -lgcc -lc --end-group
/opt/xilinx/SDK/2015.2/gnu/microblaze/lin/bin/../lib/gcc/microblaze-xilinx-elf/4.9.2/../../../../microblaze-xilinx-elf/bin/ld: cannot find -lxilkernel
/opt/xilinx/SDK/2015.2/gnu/microblaze/lin/bin/../lib/gcc/microblaze-xilinx-elf/4.9.2/../../../../microblaze-xilinx-elf/bin/ld: cannot find -l-Wl,--start-group,-lxil,-lgcc,-lc,--end-group
/opt/xilinx/SDK/2015.2/gnu/microblaze/lin/bin/../lib/gcc/microblaze-xilinx-elf/4.9.2/../../../../microblaze-xilinx-elf/bin/ld: cannot find -llwip4
collect2: error: ld returned 1 exit status
make: *** [raw_apps.elf] Error 1
10:26:34 **** Incremental Build of configuration Debug for project system_test ****
make all 
make: Nothing to be done for `all'.
10:27:15 **** Incremental Build of configuration Release for project helo_world ****
make all 
Building target: helo_world.elf
Invoking: MicroBlaze gcc linker
mb-gcc -Wl,-T -Wl,../src/lscript.ld -L../../helo_world_bsp/microblaze_0/lib -mlittle-endian -mxl-barrel-shift -mxl-pattern-compare -mno-xl-soft-div -mcpu=v9.5 -mno-xl-soft-mul -mxl-multiply-high -mhard-float -mxl-float-convert -mxl-float-sqrt -Wl,--no-relax -o "helo_world.elf"  ./src/dispatch.o ./src/echo.o ./src/http_get_pars.o ./src/http_response.o ./src/main.o ./src/platform.o ./src/platform_fs.o ./src/platform_gpio.o ./src/prot_malloc.o ./src/pulser.o ./src/rate_calc.o ./src/rxperf.o ./src/stream_readout.o ./src/txperf.o ./src/urxperf.o ./src/utxperf.o ./src/web_utils.o ./src/webserver.o   -lxilkernel
./src/echo.o: In function `echo_accept_callback':
(.text+0x18): undefined reference to `tcp_recv'
./src/echo.o: In function `echo_accept_callback':
(.text+0x2c): undefined reference to `tcp_arg'
./src/echo.o: In function `echo_recv_callback':
(.text+0x80): undefined reference to `tcp_recved'
./src/echo.o: In function `echo_recv_callback':
(.text+0xa0): undefined reference to `pbuf_free'
./src/echo.o: In function `echo_recv_callback':
(.text+0xc8): undefined reference to `tcp_write'
./src/echo.o: In function `echo_recv_callback':
(.text+0xd8): undefined reference to `tcp_close'
./src/echo.o: In function `echo_recv_callback':
(.text+0xe8): undefined reference to `tcp_recv'
./src/echo.o: In function `start_echo_application':
(.text+0x158): undefined reference to `tcp_new'
./src/echo.o: In function `start_echo_application':
(.text+0x170): undefined reference to `ip_addr_any'
./src/echo.o: In function `start_echo_application':
(.text+0x178): undefined reference to `tcp_bind'
./src/echo.o: In function `start_echo_application':
(.text+0x190): undefined reference to `tcp_arg'
./src/echo.o: In function `start_echo_application':
(.text+0x1a0): undefined reference to `tcp_listen_with_backlog'
./src/echo.o: In function `start_echo_application':
(.text+0x1b8): undefined reference to `tcp_accept'
./src/http_response.o: In function `do_404':
(.text+0x9c): undefined reference to `tcp_write'
./src/http_response.o: In function `do_404':
(.text+0xd4): undefined reference to `tcp_write'
./src/http_response.o: In function `do_404':
(.text+0xf0): undefined reference to `tcp_write'
./src/http_response.o: In function `do_404':
(.text+0x120): undefined reference to `tcp_write'
./src/http_response.o: In function `do_virtual_responce':
(.text+0x21c): undefined reference to `tcp_write'
./src/http_response.o:(.text+0x25c): more undefined references to `tcp_write' follow
./src/main.o: In function `main':
(.text.startup+0xbc): undefined reference to `lwip_init'
./src/main.o: In function `main':
(.text.startup+0xe0): undefined reference to `xemac_add'
./src/main.o: In function `main':
(.text.startup+0xf0): undefined reference to `netif_set_default'
./src/main.o: In function `main':
(.text.startup+0xfc): undefined reference to `netif_set_up'
./src/main.o: In function `main':
(.text.startup+0x130): undefined reference to `xemacif_input'
./src/main.o: In function `main':
(.text.startup+0x154): undefined reference to `tcp_fasttmr'
./src/main.o: In function `main':
(.text.startup+0x180): undefined reference to `tcp_slowtmr'
./src/platform.o: In function `timer_callback':
(.text+0x8c): undefined reference to `dhcp_fine_tmr'
./src/platform.o: In function `timer_callback':
(.text+0xb0): undefined reference to `dhcp_coarse_tmr'
./src/prot_malloc.o: In function `prot_mem_malloc':
(.text+0x1c): undefined reference to `mem_malloc'
./src/prot_malloc.o: In function `prot_mem_free':
(.text+0x5c): undefined reference to `mem_free'
./src/rate_calc.o: In function `rate_calc':
(.text+0xa8): undefined reference to `prescaler_rate'
./src/rate_calc.o: In function `rate_calc':
(.text+0xfc): undefined reference to `prescaler_rate'
./src/rxperf.o: In function `rxperf_accept_callback':
(.text+0x28): undefined reference to `tcp_recv'
./src/rxperf.o: In function `rxperf_recv_callback':
(.text+0x60): undefined reference to `tcp_recved'
./src/rxperf.o: In function `rxperf_recv_callback':
(.text+0x6c): undefined reference to `pbuf_free'
./src/rxperf.o: In function `rxperf_recv_callback':
(.text+0x8c): undefined reference to `tcp_close'
./src/rxperf.o: In function `start_rxperf_application':
(.text+0xc0): undefined reference to `tcp_new'
./src/rxperf.o: In function `start_rxperf_application':
(.text+0xd8): undefined reference to `ip_addr_any'
./src/rxperf.o: In function `start_rxperf_application':
(.text+0xe0): undefined reference to `tcp_bind'
./src/rxperf.o: In function `start_rxperf_application':
(.text+0xf8): undefined reference to `tcp_arg'
./src/rxperf.o: In function `start_rxperf_application':
(.text+0x108): undefined reference to `tcp_listen_with_backlog'
./src/rxperf.o: In function `start_rxperf_application':
(.text+0x120): undefined reference to `tcp_accept'
./src/stream_readout.o: In function `stream_accept_callback':
(.text+0x1c): undefined reference to `tcp_arg'
./src/stream_readout.o: In function `stream_accept_callback':
(.text+0x30): undefined reference to `tcp_recv'
./src/stream_readout.o: In function `stream_accept_callback':
(.text+0x44): undefined reference to `tcp_sent'
./src/stream_readout.o: In function `stream_sent_callback':
(.text+0x94): undefined reference to `tcp_close'
./src/stream_readout.o: In function `stream_send_back_readout':
(.text+0x158): undefined reference to `prescaler_rate'
./src/stream_readout.o: In function `stream_send_back_readout':
(.text+0x180): undefined reference to `tcp_write'
./src/stream_readout.o: In function `stream_recv_callback':
(.text+0x1e4): undefined reference to `tcp_recved'
./src/stream_readout.o: In function `stream_recv_callback':
(.text+0x1f8): undefined reference to `pbuf_free'
./src/stream_readout.o: In function `stream_recv_callback':
(.text+0x21c): undefined reference to `pbuf_free'
./src/stream_readout.o: In function `start_stream_application':
(.text+0x248): undefined reference to `tcp_new'
./src/stream_readout.o: In function `start_stream_application':
(.text+0x260): undefined reference to `ip_addr_any'
./src/stream_readout.o: In function `start_stream_application':
(.text+0x268): undefined reference to `tcp_bind'
./src/stream_readout.o: In function `start_stream_application':
(.text+0x280): undefined reference to `tcp_arg'
./src/stream_readout.o: In function `start_stream_application':
(.text+0x290): undefined reference to `tcp_listen_with_backlog'
./src/stream_readout.o: In function `start_stream_application':
(.text+0x2a8): undefined reference to `tcp_accept'
./src/txperf.o: In function `txperf_sent_callback':
(.text+0x24): undefined reference to `tcp_write'
./src/txperf.o: In function `txperf_sent_callback':
(.text+0x38): undefined reference to `tcp_output'
./src/txperf.o: In function `txperf_connected_callback':
(.text+0x108): undefined reference to `tcp_arg'
./src/txperf.o: In function `txperf_connected_callback':
(.text+0x11c): undefined reference to `tcp_sent'
./src/txperf.o: In function `transfer_txperf_data':
(.text+0x164): undefined reference to `tcp_write'
./src/txperf.o: In function `transfer_txperf_data':
(.text+0x178): undefined reference to `tcp_output'
./src/txperf.o: In function `transfer_txperf_data':
(.text+0x224): undefined reference to `tcp_write'
./src/txperf.o: In function `transfer_txperf_data':
(.text+0x234): undefined reference to `tcp_output'
./src/txperf.o: In function `start_txperf_application':
(.text+0x288): undefined reference to `tcp_new'
./src/txperf.o: In function `start_txperf_application':
(.text+0x2b4): undefined reference to `tcp_connect'
./src/urxperf.o: In function `urxperf_recv_callback':
(.text+0x54): undefined reference to `pbuf_free'
./src/urxperf.o: In function `start_urxperf_application':
(.text+0x88): undefined reference to `udp_new'
./src/urxperf.o: In function `start_urxperf_application':
(.text+0xa0): undefined reference to `ip_addr_any'
./src/urxperf.o: In function `start_urxperf_application':
(.text+0xa8): undefined reference to `udp_bind'
./src/urxperf.o: In function `start_urxperf_application':
(.text+0xc8): undefined reference to `udp_recv'
./src/utxperf.o: In function `transfer_utxperf_data':
(.text+0x20): undefined reference to `pbuf_alloc'
./src/utxperf.o: In function `transfer_utxperf_data':
(.text+0x84): undefined reference to `udp_send'
./src/utxperf.o: In function `transfer_utxperf_data':
(.text+0xa0): undefined reference to `pbuf_free'
./src/utxperf.o: In function `transfer_utxperf_data':
(.text+0x11c): undefined reference to `pbuf_free'
./src/utxperf.o: In function `start_utxperf_application':
(.text+0x13c): undefined reference to `udp_new'
./src/utxperf.o: In function `start_utxperf_application':
(.text+0x154): undefined reference to `ip_addr_any'
./src/utxperf.o: In function `start_utxperf_application':
(.text+0x15c): undefined reference to `udp_bind'
./src/utxperf.o: In function `start_utxperf_application':
(.text+0x180): undefined reference to `udp_connect'
./src/utxperf.o: In function `start_utxperf_application':
(.text+0x218): undefined reference to `udp_connect'
./src/webserver.o: In function `http_recv_callback':
(.text+0x2c): undefined reference to `tcp_recved'
./src/webserver.o: In function `http_recv_callback':
(.text+0x4c): undefined reference to `pbuf_free'
./src/webserver.o: In function `http_recv_callback':
(.text+0x70): undefined reference to `pbuf_free'
./src/webserver.o: In function `http_accept_callback':
(.text+0xa0): undefined reference to `tcp_arg'
./src/webserver.o: In function `http_accept_callback':
(.text+0xb4): undefined reference to `tcp_recv'
./src/webserver.o: In function `http_accept_callback':
(.text+0xc8): undefined reference to `tcp_sent'
./src/webserver.o: In function `http_sent_callback':
(.text+0x118): undefined reference to `tcp_close'
./src/webserver.o: In function `start_web_application':
(.text+0x160): undefined reference to `tcp_new'
./src/webserver.o: In function `start_web_application':
(.text+0x178): undefined reference to `ip_addr_any'
./src/webserver.o: In function `start_web_application':
(.text+0x180): undefined reference to `tcp_bind'
./src/webserver.o: In function `start_web_application':
(.text+0x198): undefined reference to `tcp_arg'
./src/webserver.o: In function `start_web_application':
(.text+0x1a8): undefined reference to `tcp_listen_with_backlog'
./src/webserver.o: In function `start_web_application':
(.text+0x1c0): undefined reference to `tcp_accept'
collect2: error: ld returned 1 exit status
make: *** [helo_world.elf] Error 1
