12:31:28 **** Auto Build of configuration Debug for project spi_bootloader ****
make all 
Building file: ../src/bootloader.c
Invoking: MicroBlaze gcc compiler
mb-gcc -Wall -O0 -g3 -c -fmessage-length=0 -MT"src/bootloader.o" -I../../spi_bootloader_bsp/microblaze_0/include -mlittle-endian -mxl-barrel-shift -mxl-pattern-compare -mno-xl-soft-div -mcpu=v9.5 -mno-xl-soft-mul -mxl-multiply-high -mhard-float -mxl-float-convert -mxl-float-sqrt -Wl,--no-relax -MMD -MP -MF"src/bootloader.d" -MT"src/bootloader.d" -o "src/bootloader.o" "../src/bootloader.c"
In file included from ../src/bootloader.c:37:0:
../src/blconfig.h:32:2: warning: #warning "Please provide the correct address value for the definition FLASH_IMAGE_BASEADDR. Please give the flash offset @ which SREC application is programmed" [-Wcpp]
 #warning "Please provide the correct address value for the definition FLASH_IMAGE_BASEADDR. Please give the flash offset @ which SREC application is programmed"
  ^
../src/bootloader.c:56:2: warning: #warning "Set your Device ID here, as defined in xparameters.h" [-Wcpp]
 #warning "Set your Device ID here, as defined in xparameters.h"
  ^
../src/bootloader.c: In function 'flash_get_srec_line':
../src/bootloader.c:289:24: warning: assignment makes integer from pointer without a cast
      ReadParam.Address = flbuf++;
                        ^
../src/bootloader.c:300:6: warning: implicit declaration of function 'IsfWaitForFlashNotBusy' [-Wimplicit-function-declaration]
      IsfWaitForFlashNotBusy();
      ^
../src/bootloader.c:306:28: warning: assignment makes integer from pointer without a cast
          ReadParam.Address = flbuf++;
                            ^
../src/bootloader.c: At top level:
../src/bootloader.c:50:13: warning: 'display_progress' declared 'static' but never defined [-Wunused-function]
 static void display_progress (uint32_t lines);
             ^
Finished building: ../src/bootloader.c
 
Building file: ../src/platform.c
Invoking: MicroBlaze gcc compiler
mb-gcc -Wall -O0 -g3 -c -fmessage-length=0 -MT"src/platform.o" -I../../spi_bootloader_bsp/microblaze_0/include -mlittle-endian -mxl-barrel-shift -mxl-pattern-compare -mno-xl-soft-div -mcpu=v9.5 -mno-xl-soft-mul -mxl-multiply-high -mhard-float -mxl-float-convert -mxl-float-sqrt -Wl,--no-relax -MMD -MP -MF"src/platform.d" -MT"src/platform.d" -o "src/platform.o" "../src/platform.c"
Finished building: ../src/platform.c
 
Building file: ../src/srec.c
Invoking: MicroBlaze gcc compiler
mb-gcc -Wall -O0 -g3 -c -fmessage-length=0 -MT"src/srec.o" -I../../spi_bootloader_bsp/microblaze_0/include -mlittle-endian -mxl-barrel-shift -mxl-pattern-compare -mno-xl-soft-div -mcpu=v9.5 -mno-xl-soft-mul -mxl-multiply-high -mhard-float -mxl-float-convert -mxl-float-sqrt -Wl,--no-relax -MMD -MP -MF"src/srec.d" -MT"src/srec.d" -o "src/srec.o" "../src/srec.c"
Finished building: ../src/srec.c
 
Building target: spi_bootloader.elf
Invoking: MicroBlaze gcc linker
mb-gcc -Wl,-T -Wl,../src/lscript.ld -L../../spi_bootloader_bsp/microblaze_0/lib -mlittle-endian -mxl-barrel-shift -mxl-pattern-compare -mno-xl-soft-div -mcpu=v9.5 -mno-xl-soft-mul -mxl-multiply-high -mhard-float -mxl-float-convert -mxl-float-sqrt -Wl,--no-relax -o "spi_bootloader.elf"  ./src/bootloader.o ./src/platform.o ./src/srec.o   -Wl,--start-group,-lxil,-lgcc,-lc,--end-group -Wl,--start-group,-lxilisf,-lxil,-lgcc,-lc,--end-group
Finished building target: spi_bootloader.elf
 
Invoking: MicroBlaze Print Size
mb-size spi_bootloader.elf  |tee "spi_bootloader.elf.size"
   text	   data	    bss	    dec	    hex	filename
  15280	    308	   2956	  18544	   4870	spi_bootloader.elf
Finished building: spi_bootloader.elf.size
 

12:31:28 Build Finished (took 281ms)

